Component: ARM Compiler 5.06 update 7 (build 960) Tool: armlink [4d3601]

==============================================================================

Section Cross References

    test.o(i.Esp_PUB) refers to memseta.o(.text) for __aeabi_memclr
    test.o(i.Esp_PUB) refers to printfa.o(i.__0printf) for __2printf
    test.o(i.Esp_PUB) refers to myusart.o(i.delay_ms) for delay_ms
    test.o(i.Esp_PUB) refers to strcmp.o(.text) for strcmp
    test.o(i.Esp_PUB) refers to myusart.o(.bss) for RECS
    test.o(i.Esp_PUB) refers to test.o(.data) for pubtopic
    test.o(i.Init) refers to oled.o(i.OLED_Init) for OLED_Init
    test.o(i.Init) refers to myusart.o(i.MyUSART_Init) for MyUSART_Init
    test.o(i.Init) refers to test.o(i.esp_Init) for esp_Init
    test.o(i.Init) refers to oled.o(i.OLED_Clear) for OLED_Clear
    test.o(i.Init) refers to oled.o(i.OLED_ShowString) for OLED_ShowString
    test.o(i.Init) refers to oled.o(i.OLED_ShowNum) for OLED_ShowNum
    test.o(i.TIM2_IRQHandler) refers to stm32f10x_tim.o(i.TIM_GetITStatus) for TIM_GetITStatus
    test.o(i.TIM2_IRQHandler) refers to stm32f10x_tim.o(i.TIM_ClearITPendingBit) for TIM_ClearITPendingBit
    test.o(i.TIM2_IRQHandler) refers to adc.o(i.adc_read) for adc_read
    test.o(i.TIM2_IRQHandler) refers to dht11.o(i.dht11_read) for dht11_read
    test.o(i.TIM2_IRQHandler) refers to oled.o(i.OLED_ShowNum) for OLED_ShowNum
    test.o(i.TIM2_IRQHandler) refers to stm32f10x_gpio.o(i.GPIO_ReadInputDataBit) for GPIO_ReadInputDataBit
    test.o(i.TIM2_IRQHandler) refers to fflti.o(.text) for __aeabi_i2f
    test.o(i.TIM2_IRQHandler) refers to f2d.o(.text) for __aeabi_f2d
    test.o(i.TIM2_IRQHandler) refers to ffltui.o(.text) for __aeabi_ui2f
    test.o(i.TIM2_IRQHandler) refers to printfa.o(i.__0printf) for __2printf
    test.o(i.TIM2_IRQHandler) refers to test.o(.data) for count
    test.o(i.TIM2_IRQHandler) refers to test.o(.conststring) for .conststring
    test.o(i.esp_Init) refers to memseta.o(.text) for __aeabi_memclr
    test.o(i.esp_Init) refers to printfa.o(i.__0printf) for __2printf
    test.o(i.esp_Init) refers to myusart.o(i.delay_ms) for delay_ms
    test.o(i.esp_Init) refers to strcmp.o(.text) for strcmp
    test.o(i.esp_Init) refers to myusart.o(.bss) for RECS
    test.o(i.esp_Init) refers to test.o(.data) for passwd
    test.o(i.fputc) refers to stm32f10x_usart.o(i.USART_SendData) for USART_SendData
    test.o(i.fputc) refers to stm32f10x_usart.o(i.USART_GetFlagStatus) for USART_GetFlagStatus
    test.o(i.main) refers to test.o(i.Init) for Init
    test.o(i.main) refers to adc.o(i.adc_init) for adc_init
    test.o(i.main) refers to adc.o(i.nvic_init) for nvic_init
    test.o(i.main) refers to led.o(i.led_init) for led_init
    test.o(i.main) refers to led.o(i.led_off) for led_off
    test.o(i.main) refers to led.o(i.led_off_R) for led_off_R
    test.o(i.main) refers to dht11.o(i.dht11_gpio_init) for dht11_gpio_init
    test.o(i.main) refers to dht11.o(i.rent_IO_IN) for rent_IO_IN
    test.o(i.main) refers to dht11.o(i.feng_IO_OUT) for feng_IO_OUT
    test.o(i.main) refers to fengmingqi.o(i.pwm_gpio_init) for pwm_gpio_init
    test.o(i.main) refers to stm32f10x_rcc.o(i.RCC_APB2PeriphClockCmd) for RCC_APB2PeriphClockCmd
    test.o(i.main) refers to misc.o(i.NVIC_PriorityGroupConfig) for NVIC_PriorityGroupConfig
    test.o(i.main) refers to misc.o(i.NVIC_Init) for NVIC_Init
    test.o(i.main) refers to stm32f10x_rcc.o(i.RCC_APB1PeriphClockCmd) for RCC_APB1PeriphClockCmd
    test.o(i.main) refers to stm32f10x_tim.o(i.TIM_TimeBaseInit) for TIM_TimeBaseInit
    test.o(i.main) refers to stm32f10x_tim.o(i.TIM_ITConfig) for TIM_ITConfig
    test.o(i.main) refers to stm32f10x_tim.o(i.TIM_Cmd) for TIM_Cmd
    test.o(i.main) refers to oled.o(i.OLED_Clear) for OLED_Clear
    test.o(i.main) refers to oled.o(i.OLED_DrawBMP) for OLED_DrawBMP
    test.o(i.main) refers to oled.o(i.OLED_ShowCHinese) for OLED_ShowCHinese
    test.o(i.main) refers to oled.o(i.OLED_ShowString) for OLED_ShowString
    test.o(i.main) refers to dht11.o(i.feng_on_out) for feng_on_out
    test.o(i.main) refers to dht11.o(i.feng_off_out) for feng_off_out
    test.o(i.main) refers to fengmingqi.o(i.pwm_set) for pwm_set
    test.o(i.main) refers to adc.o(i.delay) for delay
    test.o(i.main) refers to led.o(i.led_on) for led_on
    test.o(i.main) refers to test.o(.data) for ui3
    test.o(i.main) refers to myusart.o(.data) for FanStatus
    test.o(.data) refers to test.o(.conststring) for .conststring
    myusart.o(i.CommandAnalyse) refers to strncmp.o(.text) for strncmp
    myusart.o(i.CommandAnalyse) refers to myusart.o(.bss) for RECS
    myusart.o(i.CommandAnalyse) refers to myusart.o(.data) for Refunc1
    myusart.o(i.MyUSART_GetString) refers to myusart.o(.bss) for RECS
    myusart.o(i.MyUSART_Init) refers to stm32f10x_rcc.o(i.RCC_APB1PeriphClockCmd) for RCC_APB1PeriphClockCmd
    myusart.o(i.MyUSART_Init) refers to stm32f10x_gpio.o(i.GPIO_Init) for GPIO_Init
[...]
    printfa.o(i._printf_core) refers to printfa.o(i._fp_digits) for _fp_digits
    printfa.o(i._printf_core) refers to uidiv.o(.text) for __aeabi_uidivmod
    printfa.o(i._printf_post_padding) refers (Special) to iusefp.o(.text) for __I$use$fp
    printfa.o(i._printf_pre_padding) refers (Special) to iusefp.o(.text) for __I$use$fp
    printfa.o(i._snputc) refers (Special) to iusefp.o(.text) for __I$use$fp
    printfa.o(i._sputc) refers (Special) to iusefp.o(.text) for __I$use$fp
    fflti.o(.text) refers (Special) to iusefp.o(.text) for __I$use$fp
    fflti.o(.text) refers to fepilogue.o(.text) for _float_epilogue
    ffltui.o(.text) refers (Special) to iusefp.o(.text) for __I$use$fp
    ffltui.o(.text) refers to fepilogue.o(.text) for _float_epilogue
    f2d.o(.text) refers (Special) to iusefp.o(.text) for __I$use$fp
    entry2.o(.ARM.Collect$$$$00000001) refers to entry2.o(.ARM.Collect$$$$00002712) for __lit__00000000
    entry2.o(.ARM.Collect$$$$00002712) refers to startup_stm32f10x_md.o(STACK) for __initial_sp
    entry2.o(__vectab_stack_and_reset_area) refers to startup_stm32f10x_md.o(STACK) for __initial_sp
    entry2.o(__vectab_stack_and_reset_area) refers to entry.o(.ARM.Collect$$$$00000000) for __main
    entry5.o(.ARM.Collect$$$$00000004) refers to init.o(.text) for __scatterload
    entry9a.o(.ARM.Collect$$$$0000000B) refers to test.o(i.main) for main
    entry9b.o(.ARM.Collect$$$$0000000C) refers to test.o(i.main) for main
    uldiv.o(.text) refers to llushr.o(.text) for __aeabi_llsr
    uldiv.o(.text) refers to llshl.o(.text) for __aeabi_llsl
    dadd.o(.text) refers to llshl.o(.text) for __aeabi_llsl
    dadd.o(.text) refers to llsshr.o(.text) for __aeabi_lasr
    dadd.o(.text) refers to depilogue.o(.text) for _double_epilogue
    dmul.o(.text) refers to depilogue.o(.text) for _double_epilogue
    ddiv.o(.text) refers to depilogue.o(.text) for _double_round
    dfixul.o(.text) refers to llushr.o(.text) for __aeabi_llsr
    dfixul.o(.text) refers to llshl.o(.text) for __aeabi_llsl
    init.o(.text) refers to entry5.o(.ARM.Collect$$$$00000004) for __main_after_scatterload
    depilogue.o(.text) refers to llshl.o(.text) for __aeabi_llsl
    depilogue.o(.text) refers to llushr.o(.text) for __aeabi_llsr


==============================================================================

Removing Unused input sections from the image.

    Removing test.o(.rev16_text), (4 bytes).
    Removing test.o(.revsh_text), (4 bytes).
    Removing test.o(.rrx_text), (6 bytes).
    Removing test.o(i.Esp_PUB), (104 bytes).
    Removing test.o(.bss), (384 bytes).
    Removing myusart.o(.rev16_text), (4 bytes).
    Removing myusart.o(.revsh_text), (4 bytes).
    Removing myusart.o(.rrx_text), (6 bytes).
    Removing myusart.o(i.MyUSART_GetString), (8 bytes).
    Removing myusart.o(i.MyUSART_SendString), (36 bytes).
    Removing oled.o(.rev16_text), (4 bytes).
    Removing oled.o(.revsh_text), (4 bytes).
    Removing oled.o(.rrx_text), (6 bytes).
    Removing oled.o(i.Delay_50ms), (22 bytes).
    Removing oled.o(i.OLED_Display_Off), (28 bytes).
    Removing oled.o(i.OLED_Display_On), (28 bytes).
    Removing oled.o(i.OLED_On), (62 bytes).
    Removing oled.o(i.fill_picture), (64 bytes).
    Removing dht11.o(.rev16_text), (4 bytes).
    Removing dht11.o(.revsh_text), (4 bytes).
    Removing dht11.o(.rrx_text), (6 bytes).
    Removing adc.o(.rev16_text), (4 bytes).
    Removing adc.o(.revsh_text), (4 bytes).
    Removing adc.o(.rrx_text), (6 bytes).
    Removing fengmingqi.o(.rev16_text), (4 bytes).
    Removing fengmingqi.o(.revsh_text), (4 bytes).
    Removing fengmingqi.o(.rrx_text), (6 bytes).
    Removing led.o(.rev16_text), (4 bytes).
    Removing led.o(.revsh_text), (4 bytes).
    Removing led.o(.rrx_text), (6 bytes).
    Removing led.o(i.led_on_R), (20 bytes).
    Removing misc.o(.rev16_text), (4 bytes).
    Removing misc.o(.revsh_text), (4 bytes).
    Removing misc.o(.rrx_text), (6 bytes).
    Removing misc.o(i.NVIC_SetVectorTable), (20 bytes).
    Removing misc.o(i.NVIC_SystemLPConfig), (32 bytes).
    Removing misc.o(i.SysTick_CLKSourceConfig), (40 bytes).
    Removing stm32f10x_adc.o(.rev16_text), (4 bytes).
    Removing stm32f10x_adc.o(.revsh_text), (4 bytes).
    Removing stm32f10x_adc.o(.rrx_text), (6 bytes).
    Removing stm32f10x_adc.o(i.ADC_AnalogWatchdogCmd), (20 bytes).
    Removing stm32f10x_adc.o(i.ADC_AnalogWatchdogSingleChannelConfig), (16 bytes).
    Removing stm32f10x_adc.o(i.ADC_AnalogWatchdogThresholdsConfig), (6 bytes).
    Removing stm32f10x_adc.o(i.ADC_AutoInjectedConvCmd), (22 bytes).
    Removing stm32f10x_adc.o(i.ADC_ClearFlag), (6 bytes).
    Removing stm32f10x_adc.o(i.ADC_ClearITPendingBit), (10 bytes).
    Removing stm32f10x_adc.o(i.ADC_DMACmd), (22 bytes).
    Removing stm32f10x_adc.o(i.ADC_DiscModeChannelCountConfig), (24 bytes).
    Removing stm32f10x_adc.o(i.ADC_DiscModeCmd), (22 bytes).
    Removing stm32f10x_adc.o(i.ADC_ExternalTrigConvCmd), (22 bytes).
    Removing stm32f10x_adc.o(i.ADC_ExternalTrigInjectedConvCmd), (22 bytes).
    Removing stm32f10x_adc.o(i.ADC_ExternalTrigInjectedConvConfig), (16 bytes).
    Removing stm32f10x_adc.o(i.ADC_GetCalibrationStatus), (20 bytes).
    Removing stm32f10x_adc.o(i.ADC_GetDualModeConversionValue), (12 bytes).
    Removing stm32f10x_adc.o(i.ADC_GetITStatus), (36 bytes).
    Removing stm32f10x_adc.o(i.ADC_GetInjectedConversionValue), (28 bytes).
    Removing stm32f10x_adc.o(i.ADC_GetResetCalibrationStatus), (20 bytes).
    Removing stm32f10x_adc.o(i.ADC_GetSoftwareStartConvStatus), (20 bytes).
    Removing stm32f10x_adc.o(i.ADC_GetSoftwareStartInjectedConvCmdStatus), (20 bytes).
    Removing stm32f10x_adc.o(i.ADC_ITConfig), (24 bytes).
    Removing stm32f10x_adc.o(i.ADC_InjectedChannelConfig), (130 bytes).
    Removing stm32f10x_adc.o(i.ADC_InjectedDiscModeCmd), (22 bytes).
    Removing stm32f10x_adc.o(i.ADC_InjectedSequencerLengthConfig), (24 bytes).
    Removing stm32f10x_adc.o(i.ADC_ResetCalibration), (10 bytes).
    Removing stm32f10x_adc.o(i.ADC_SetInjectedOffset), (20 bytes).
    Removing stm32f10x_adc.o(i.ADC_SoftwareStartInjectedConvCmd), (22 bytes).
    Removing stm32f10x_adc.o(i.ADC_StartCalibration), (10 bytes).
    Removing stm32f10x_adc.o(i.ADC_StructInit), (18 bytes).
    Removing stm32f10x_adc.o(i.ADC_TempSensorVrefintCmd), (36 bytes).
    Removing stm32f10x_gpio.o(.rev16_text), (4 bytes).
    Removing stm32f10x_gpio.o(.revsh_text), (4 bytes).
    Removing stm32f10x_gpio.o(.rrx_text), (6 bytes).
    Removing stm32f10x_gpio.o(i.GPIO_AFIODeInit), (20 bytes).
    Removing stm32f10x_gpio.o(i.GPIO_DeInit), (200 bytes).
    Removing stm32f10x_gpio.o(i.GPIO_ETH_MediaInterfaceConfig), (12 bytes).
    Removing stm32f10x_gpio.o(i.GPIO_EXTILineConfig), (64 bytes).
    Removing stm32f10x_gpio.o(i.GPIO_EventOutputCmd), (12 bytes).
    Removing stm32f10x_gpio.o(i.GPIO_EventOutputConfig), (32 bytes).
    Removing stm32f10x_gpio.o(i.GPIO_PinLockConfig), (18 bytes).
    Removing stm32f10x_gpio.o(i.GPIO_PinRemapConfig), (144 bytes).
    Removing stm32f10x_gpio.o(i.GPIO_ReadInputData), (8 bytes).
    Removing stm32f10x_gpio.o(i.GPIO_ReadOutputData), (8 bytes).
    Removing stm32f10x_gpio.o(i.GPIO_ReadOutputDataBit), (18 bytes).
    Removing stm32f10x_gpio.o(i.GPIO_StructInit), (16 bytes).
    Removing stm32f10x_gpio.o(i.GPIO_Write), (4 bytes).
    Removing stm32f10x_i2c.o(.rev16_text), (4 bytes).
    Removing stm32f10x_i2c.o(.revsh_text), (4 bytes).
    Removing stm32f10x_i2c.o(.rrx_text), (6 bytes).
    Removing stm32f10x_i2c.o(i.I2C_ARPCmd), (24 bytes).
    Removing stm32f10x_i2c.o(i.I2C_AcknowledgeConfig), (24 bytes).
    Removing stm32f10x_i2c.o(i.I2C_CalculatePEC), (24 bytes).
    Removing stm32f10x_i2c.o(i.I2C_CheckEvent), (42 bytes).
    Removing stm32f10x_i2c.o(i.I2C_ClearFlag), (12 bytes).
    Removing stm32f10x_i2c.o(i.I2C_ClearITPendingBit), (12 bytes).
    Removing stm32f10x_i2c.o(i.I2C_Cmd), (24 bytes).
    Removing stm32f10x_i2c.o(i.I2C_DMACmd), (24 bytes).
    Removing stm32f10x_i2c.o(i.I2C_DMALastTransferCmd), (24 bytes).
    Removing stm32f10x_i2c.o(i.I2C_DeInit), (56 bytes).
    Removing stm32f10x_i2c.o(i.I2C_DualAddressCmd), (24 bytes).
    Removing stm32f10x_i2c.o(i.I2C_FastModeDutyCycleConfig), (28 bytes).
    Removing stm32f10x_i2c.o(i.I2C_GeneralCallCmd), (24 bytes).
    Removing stm32f10x_i2c.o(i.I2C_GenerateSTART), (24 bytes).
    Removing stm32f10x_i2c.o(i.I2C_GenerateSTOP), (24 bytes).
    Removing stm32f10x_i2c.o(i.I2C_GetFlagStatus), (58 bytes).
    Removing stm32f10x_i2c.o(i.I2C_GetITStatus), (38 bytes).
    Removing stm32f10x_i2c.o(i.I2C_GetLastEvent), (26 bytes).
    Removing stm32f10x_i2c.o(i.I2C_GetPEC), (8 bytes).
    Removing stm32f10x_i2c.o(i.I2C_ITConfig), (18 bytes).
    Removing stm32f10x_i2c.o(i.I2C_Init), (236 bytes).
    Removing stm32f10x_i2c.o(i.I2C_NACKPositionConfig), (28 bytes).
    Removing stm32f10x_i2c.o(i.I2C_OwnAddress2Config), (22 bytes).
    Removing stm32f10x_i2c.o(i.I2C_PECPositionConfig), (28 bytes).
    Removing stm32f10x_i2c.o(i.I2C_ReadRegister), (22 bytes).
    Removing stm32f10x_i2c.o(i.I2C_ReceiveData), (8 bytes).
    Removing stm32f10x_i2c.o(i.I2C_SMBusAlertConfig), (28 bytes).
    Removing stm32f10x_i2c.o(i.I2C_Send7bitAddress), (18 bytes).
    Removing stm32f10x_i2c.o(i.I2C_SendData), (4 bytes).
    Removing stm32f10x_i2c.o(i.I2C_SoftwareResetCmd), (22 bytes).
    Removing stm32f10x_i2c.o(i.I2C_StretchClockCmd), (24 bytes).
    Removing stm32f10x_i2c.o(i.I2C_StructInit), (30 bytes).
    Removing stm32f10x_i2c.o(i.I2C_TransmitPEC), (24 bytes).
    Removing stm32f10x_rcc.o(.rev16_text), (4 bytes).
    Removing stm32f10x_rcc.o(.revsh_text), (4 bytes).
    Removing stm32f10x_rcc.o(.rrx_text), (6 bytes).
    Removing stm32f10x_rcc.o(i.RCC_ADCCLKConfig), (24 bytes).
    Removing stm32f10x_rcc.o(i.RCC_AHBPeriphClockCmd), (32 bytes).
    Removing stm32f10x_rcc.o(i.RCC_APB1PeriphResetCmd), (32 bytes).
    Removing stm32f10x_rcc.o(i.RCC_AdjustHSICalibrationValue), (24 bytes).
    Removing stm32f10x_rcc.o(i.RCC_BackupResetCmd), (12 bytes).
    Removing stm32f10x_rcc.o(i.RCC_ClearFlag), (20 bytes).
    Removing stm32f10x_rcc.o(i.RCC_ClearITPendingBit), (12 bytes).
    Removing stm32f10x_rcc.o(i.RCC_ClockSecuritySystemCmd), (12 bytes).
    Removing stm32f10x_rcc.o(i.RCC_DeInit), (76 bytes).
    Removing stm32f10x_rcc.o(i.RCC_GetFlagStatus), (60 bytes).
    Removing stm32f10x_rcc.o(i.RCC_GetITStatus), (24 bytes).
    Removing stm32f10x_rcc.o(i.RCC_GetSYSCLKSource), (16 bytes).
    Removing stm32f10x_rcc.o(i.RCC_HCLKConfig), (24 bytes).
    Removing stm32f10x_rcc.o(i.RCC_HSEConfig), (76 bytes).
    Removing stm32f10x_rcc.o(i.RCC_HSICmd), (12 bytes).
    Removing stm32f10x_rcc.o(i.RCC_ITConfig), (32 bytes).
    Removing stm32f10x_rcc.o(i.RCC_LSEConfig), (52 bytes).
    Removing stm32f10x_rcc.o(i.RCC_LSICmd), (12 bytes).
    Removing stm32f10x_rcc.o(i.RCC_MCOConfig), (12 bytes).
    Removing stm32f10x_rcc.o(i.RCC_PCLK1Config), (24 bytes).
    Removing stm32f10x_rcc.o(i.RCC_PCLK2Config), (24 bytes).
    Removing stm32f10x_rcc.o(i.RCC_PLLCmd), (12 bytes).
    Removing stm32f10x_rcc.o(i.RCC_PLLConfig), (28 bytes).
    Removing stm32f10x_rcc.o(i.RCC_RTCCLKCmd), (12 bytes).
    Removing stm32f10x_rcc.o(i.RCC_RTCCLKConfig), (16 bytes).
    Removing stm32f10x_rcc.o(i.RCC_SYSCLKConfig), (24 bytes).
    Removing stm32f10x_rcc.o(i.RCC_USBCLKConfig), (12 bytes).
    Removing stm32f10x_rcc.o(i.RCC_WaitForHSEStartUp), (56 bytes).
    Removing stm32f10x_spi.o(.rev16_text), (4 bytes).
    Removing stm32f10x_spi.o(.revsh_text), (4 bytes).
    Removing stm32f10x_spi.o(.rrx_text), (6 bytes).
    Removing stm32f10x_spi.o(i.I2S_Cmd), (24 bytes).
    Removing stm32f10x_spi.o(i.I2S_Init), (232 bytes).
    Removing stm32f10x_spi.o(i.I2S_StructInit), (20 bytes).
    Removing stm32f10x_spi.o(i.SPI_BiDirectionalLineConfig), (28 bytes).
    Removing stm32f10x_spi.o(i.SPI_CalculateCRC), (24 bytes).
    Removing stm32f10x_spi.o(i.SPI_Cmd), (24 bytes).
    Removing stm32f10x_spi.o(i.SPI_DataSizeConfig), (18 bytes).
    Removing stm32f10x_spi.o(i.SPI_GetCRC), (16 bytes).
    Removing stm32f10x_spi.o(i.SPI_GetCRCPolynomial), (6 bytes).
    Removing stm32f10x_spi.o(i.SPI_I2S_ClearFlag), (6 bytes).
    Removing stm32f10x_spi.o(i.SPI_I2S_ClearITPendingBit), (20 bytes).
    Removing stm32f10x_spi.o(i.SPI_I2S_DMACmd), (18 bytes).
    Removing stm32f10x_spi.o(i.SPI_I2S_DeInit), (88 bytes).
    Removing stm32f10x_spi.o(i.SPI_I2S_GetFlagStatus), (18 bytes).
    Removing stm32f10x_spi.o(i.SPI_I2S_GetITStatus), (52 bytes).
    Removing stm32f10x_spi.o(i.SPI_I2S_ITConfig), (32 bytes).
    Removing stm32f10x_spi.o(i.SPI_I2S_ReceiveData), (6 bytes).
    Removing stm32f10x_spi.o(i.SPI_I2S_SendData), (4 bytes).
    Removing stm32f10x_spi.o(i.SPI_Init), (60 bytes).
    Removing stm32f10x_spi.o(i.SPI_NSSInternalSoftwareConfig), (30 bytes).
    Removing stm32f10x_spi.o(i.SPI_SSOutputCmd), (24 bytes).
    Removing stm32f10x_spi.o(i.SPI_StructInit), (24 bytes).
    Removing stm32f10x_spi.o(i.SPI_TransmitCRC), (10 bytes).
    Removing stm32f10x_tim.o(.rev16_text), (4 bytes).
    Removing stm32f10x_tim.o(.revsh_text), (4 bytes).
    Removing stm32f10x_tim.o(.rrx_text), (6 bytes).
    Removing stm32f10x_tim.o(i.TI1_Config), (128 bytes).
    Removing stm32f10x_tim.o(i.TI2_Config), (152 bytes).
    Removing stm32f10x_tim.o(i.TI3_Config), (144 bytes).
    Removing stm32f10x_tim.o(i.TI4_Config), (152 bytes).
    Removing stm32f10x_tim.o(i.TIM_ARRPreloadConfig), (24 bytes).
    Removing stm32f10x_tim.o(i.TIM_BDTRConfig), (32 bytes).
    Removing stm32f10x_tim.o(i.TIM_BDTRStructInit), (18 bytes).
    Removing stm32f10x_tim.o(i.TIM_CCPreloadControl), (24 bytes).
    Removing stm32f10x_tim.o(i.TIM_CCxCmd), (30 bytes).
    Removing stm32f10x_tim.o(i.TIM_CCxNCmd), (30 bytes).
    Removing stm32f10x_tim.o(i.TIM_ClearFlag), (6 bytes).
    Removing stm32f10x_tim.o(i.TIM_ClearOC1Ref), (18 bytes).
    Removing stm32f10x_tim.o(i.TIM_ClearOC2Ref), (24 bytes).
    Removing stm32f10x_tim.o(i.TIM_ClearOC3Ref), (18 bytes).
    Removing stm32f10x_tim.o(i.TIM_ClearOC4Ref), (24 bytes).
    Removing stm32f10x_tim.o(i.TIM_CounterModeConfig), (18 bytes).
    Removing stm32f10x_tim.o(i.TIM_CtrlPWMOutputs), (30 bytes).
    Removing stm32f10x_tim.o(i.TIM_DMACmd), (18 bytes).
    Removing stm32f10x_tim.o(i.TIM_DMAConfig), (10 bytes).
    Removing stm32f10x_tim.o(i.TIM_DeInit), (488 bytes).
    Removing stm32f10x_tim.o(i.TIM_ETRClockMode1Config), (54 bytes).
    Removing stm32f10x_tim.o(i.TIM_ETRClockMode2Config), (32 bytes).
    Removing stm32f10x_tim.o(i.TIM_ETRConfig), (28 bytes).
    Removing stm32f10x_tim.o(i.TIM_EncoderInterfaceConfig), (66 bytes).
    Removing stm32f10x_tim.o(i.TIM_ForcedOC1Config), (18 bytes).
    Removing stm32f10x_tim.o(i.TIM_ForcedOC2Config), (26 bytes).
    Removing stm32f10x_tim.o(i.TIM_ForcedOC3Config), (18 bytes).
    Removing stm32f10x_tim.o(i.TIM_ForcedOC4Config), (26 bytes).
    Removing stm32f10x_tim.o(i.TIM_GenerateEvent), (4 bytes).
    Removing stm32f10x_tim.o(i.TIM_GetCapture1), (6 bytes).
    Removing stm32f10x_tim.o(i.TIM_GetCapture2), (6 bytes).
    Removing stm32f10x_tim.o(i.TIM_GetCapture3), (6 bytes).
    Removing stm32f10x_tim.o(i.TIM_GetCapture4), (8 bytes).
    Removing stm32f10x_tim.o(i.TIM_GetCounter), (6 bytes).
    Removing stm32f10x_tim.o(i.TIM_GetFlagStatus), (18 bytes).
    Removing stm32f10x_tim.o(i.TIM_GetPrescaler), (6 bytes).
    Removing stm32f10x_tim.o(i.TIM_ICInit), (172 bytes).
    Removing stm32f10x_tim.o(i.TIM_ICStructInit), (18 bytes).
    Removing stm32f10x_tim.o(i.TIM_ITRxExternalClockConfig), (24 bytes).
    Removing stm32f10x_tim.o(i.TIM_InternalClockConfig), (12 bytes).
    Removing stm32f10x_tim.o(i.TIM_OC1FastConfig), (18 bytes).
    Removing stm32f10x_tim.o(i.TIM_OC1Init), (152 bytes).
    Removing stm32f10x_tim.o(i.TIM_OC1NPolarityConfig), (18 bytes).
    Removing stm32f10x_tim.o(i.TIM_OC1PolarityConfig), (18 bytes).
    Removing stm32f10x_tim.o(i.TIM_OC1PreloadConfig), (18 bytes).
    Removing stm32f10x_tim.o(i.TIM_OC2FastConfig), (26 bytes).
    Removing stm32f10x_tim.o(i.TIM_OC2Init), (164 bytes).
    Removing stm32f10x_tim.o(i.TIM_OC2NPolarityConfig), (26 bytes).
    Removing stm32f10x_tim.o(i.TIM_OC2PolarityConfig), (26 bytes).
    Removing stm32f10x_tim.o(i.TIM_OC2PreloadConfig), (26 bytes).
    Removing stm32f10x_tim.o(i.TIM_OC3FastConfig), (18 bytes).
    Removing stm32f10x_tim.o(i.TIM_OC3Init), (160 bytes).
    Removing stm32f10x_tim.o(i.TIM_OC3NPolarityConfig), (26 bytes).
    Removing stm32f10x_tim.o(i.TIM_OC3PolarityConfig), (26 bytes).
    Removing stm32f10x_tim.o(i.TIM_OC3PreloadConfig), (18 bytes).
    Removing stm32f10x_tim.o(i.TIM_OC4FastConfig), (26 bytes).
    Removing stm32f10x_tim.o(i.TIM_OC4PolarityConfig), (26 bytes).
    Removing stm32f10x_tim.o(i.TIM_OC4PreloadConfig), (26 bytes).
    Removing stm32f10x_tim.o(i.TIM_OCStructInit), (20 bytes).
    Removing stm32f10x_tim.o(i.TIM_PWMIConfig), (124 bytes).
    Removing stm32f10x_tim.o(i.TIM_PrescalerConfig), (6 bytes).
    Removing stm32f10x_tim.o(i.TIM_SelectCCDMA), (24 bytes).
    Removing stm32f10x_tim.o(i.TIM_SelectCOM), (24 bytes).
    Removing stm32f10x_tim.o(i.TIM_SelectHallSensor), (24 bytes).
    Removing stm32f10x_tim.o(i.TIM_SelectInputTrigger), (18 bytes).
    Removing stm32f10x_tim.o(i.TIM_SelectMasterSlaveMode), (18 bytes).
    Removing stm32f10x_tim.o(i.TIM_SelectOCxM), (82 bytes).
    Removing stm32f10x_tim.o(i.TIM_SelectOnePulseMode), (18 bytes).
    Removing stm32f10x_tim.o(i.TIM_SelectOutputTrigger), (18 bytes).
    Removing stm32f10x_tim.o(i.TIM_SelectSlaveMode), (18 bytes).
    Removing stm32f10x_tim.o(i.TIM_SetAutoreload), (4 bytes).
    Removing stm32f10x_tim.o(i.TIM_SetClockDivision), (18 bytes).
    Removing stm32f10x_tim.o(i.TIM_SetCompare1), (4 bytes).
    Removing stm32f10x_tim.o(i.TIM_SetCompare2), (4 bytes).
    Removing stm32f10x_tim.o(i.TIM_SetCompare3), (4 bytes).
    Removing stm32f10x_tim.o(i.TIM_SetCompare4), (6 bytes).
    Removing stm32f10x_tim.o(i.TIM_SetCounter), (4 bytes).
    Removing stm32f10x_tim.o(i.TIM_SetIC1Prescaler), (18 bytes).
    Removing stm32f10x_tim.o(i.TIM_SetIC2Prescaler), (26 bytes).
    Removing stm32f10x_tim.o(i.TIM_SetIC3Prescaler), (18 bytes).
    Removing stm32f10x_tim.o(i.TIM_SetIC4Prescaler), (26 bytes).
    Removing stm32f10x_tim.o(i.TIM_TIxExternalClockConfig), (62 bytes).
    Removing stm32f10x_tim.o(i.TIM_TimeBaseStructInit), (18 bytes).
    Removing stm32f10x_tim.o(i.TIM_UpdateDisableConfig), (24 bytes).
    Removing stm32f10x_tim.o(i.TIM_UpdateRequestConfig), (24 bytes).
    Removing stm32f10x_usart.o(.rev16_text), (4 bytes).
    Removing stm32f10x_usart.o(.revsh_text), (4 bytes).
    Removing stm32f10x_usart.o(.rrx_text), (6 bytes).
    Removing stm32f10x_usart.o(i.USART_ClearFlag), (18 bytes).
    Removing stm32f10x_usart.o(i.USART_ClearITPendingBit), (30 bytes).
    Removing stm32f10x_usart.o(i.USART_ClockInit), (34 bytes).
    Removing stm32f10x_usart.o(i.USART_ClockStructInit), (12 bytes).
    Removing stm32f10x_usart.o(i.USART_DMACmd), (18 bytes).
    Removing stm32f10x_usart.o(i.USART_DeInit), (156 bytes).
    Removing stm32f10x_usart.o(i.USART_HalfDuplexCmd), (24 bytes).
    Removing stm32f10x_usart.o(i.USART_IrDACmd), (24 bytes).
    Removing stm32f10x_usart.o(i.USART_IrDAConfig), (18 bytes).
    Removing stm32f10x_usart.o(i.USART_LINBreakDetectLengthConfig), (18 bytes).
    Removing stm32f10x_usart.o(i.USART_LINCmd), (24 bytes).
    Removing stm32f10x_usart.o(i.USART_OneBitMethodCmd), (24 bytes).
    Removing stm32f10x_usart.o(i.USART_OverSampling8Cmd), (22 bytes).
    Removing stm32f10x_usart.o(i.USART_ReceiverWakeUpCmd), (24 bytes).
    Removing stm32f10x_usart.o(i.USART_SendBreak), (10 bytes).
    Removing stm32f10x_usart.o(i.USART_SetAddress), (18 bytes).
    Removing stm32f10x_usart.o(i.USART_SetGuardTime), (16 bytes).
    Removing stm32f10x_usart.o(i.USART_SetPrescaler), (16 bytes).
    Removing stm32f10x_usart.o(i.USART_SmartCardCmd), (24 bytes).
    Removing stm32f10x_usart.o(i.USART_SmartCardNACKCmd), (24 bytes).
    Removing stm32f10x_usart.o(i.USART_StructInit), (24 bytes).
    Removing stm32f10x_usart.o(i.USART_WakeUpConfig), (18 bytes).
    Removing gpio_stm32f10x.o(.rev16_text), (4 bytes).
    Removing gpio_stm32f10x.o(.revsh_text), (4 bytes).
    Removing gpio_stm32f10x.o(.rrx_text), (6 bytes).
    Removing gpio_stm32f10x.o(i.GPIO_AFConfigure), (156 bytes).
    Removing gpio_stm32f10x.o(i.GPIO_GetPortClockState), (152 bytes).
    Removing gpio_stm32f10x.o(i.GPIO_PinConfigure), (120 bytes).
    Removing gpio_stm32f10x.o(i.GPIO_PortClock), (316 bytes).
    Removing startup_stm32f10x_md.o(HEAP), (512 bytes).
    Removing system_stm32f10x.o(.rev16_text), (4 bytes).
    Removing system_stm32f10x.o(.revsh_text), (4 bytes).
    Removing system_stm32f10x.o(.rrx_text), (6 bytes).
    Removing system_stm32f10x.o(i.SystemCoreClockUpdate), (164 bytes).
    Removing system_stm32f10x.o(.data), (20 bytes).

304 unused section(s) (total 10360 bytes) removed from the image.

==============================================================================

Image Symbol Table

    Local Symbols

    Symbol Name                              Value     Ov Type        Size  Object(Section)

    ../clib/../cmprslib/zerorunl2.c          0x00000000   Number         0  __dczerorl2.o ABSOLUTE
    ../clib/microlib/division.c              0x00000000   Number         0  uidiv.o ABSOLUTE
    ../clib/microlib/division.c              0x00000000   Number         0  uldiv.o ABSOLUTE
    ../clib/microlib/init/entry.s            0x00000000   Number         0  entry2.o ABSOLUTE
    ../clib/microlib/init/entry.s            0x00000000   Number         0  entry.o ABSOLUTE
    ../clib/microlib/init/entry.s            0x00000000   Number         0  entry12b.o ABSOLUTE
    ../clib/microlib/init/entry.s            0x00000000   Number         0  entry5.o ABSOLUTE
    ../clib/microlib/init/entry.s            0x00000000   Number         0  entry7b.o ABSOLUTE
    ../clib/microlib/init/entry.s            0x00000000   Number         0  entry8a.o ABSOLUTE
    ../clib/microlib/init/entry.s            0x00000000   Number         0  entry8b.o ABSOLUTE
    ../clib/microlib/init/entry.s            0x00000000   Number         0  entry9a.o ABSOLUTE
    ../clib/microlib/init/entry.s            0x00000000   Number         0  entry7a.o ABSOLUTE
    ../clib/microlib/init/entry.s            0x00000000   Number         0  entry12a.o ABSOLUTE
    ../clib/microlib/init/entry.s            0x00000000   Number         0  entry10a.o ABSOLUTE
    ../clib/microlib/init/entry.s            0x00000000   Number         0  entry10b.o ABSOLUTE
    ../clib/microlib/init/entry.s            0x00000000   Number         0  entry11b.o ABSOLUTE
    ../clib/microlib/init/entry.s            0x00000000   Number         0  entry9b.o ABSOLUTE
    ../clib/microlib/init/entry.s            0x00000000   Number         0  entry11a.o ABSOLUTE
    ../clib/microlib/longlong.c              0x00000000   Number         0  llsshr.o ABSOLUTE
    ../clib/microlib/longlong.c              0x00000000   Number         0  llushr.o ABSOLUTE
    ../clib/microlib/longlong.c              0x00000000   Number         0  llshl.o ABSOLUTE
    ../clib/microlib/printf/printf.c         0x00000000   Number         0  printf6.o ABSOLUTE
    ../clib/microlib/printf/printf.c         0x00000000   Number         0  printf5.o ABSOLUTE
    ../clib/microlib/printf/printf.c         0x00000000   Number         0  printf4.o ABSOLUTE
    ../clib/microlib/printf/printf.c         0x00000000   Number         0  printf3.o ABSOLUTE
    ../clib/microlib/printf/printf.c         0x00000000   Number         0  printf7.o ABSOLUTE
    ../clib/microlib/printf/printf.c         0x00000000   Number         0  printfb.o ABSOLUTE
    ../clib/microlib/printf/printf.c         0x00000000   Number         0  printf0.o ABSOLUTE
    ../clib/microlib/printf/printf.c         0x00000000   Number         0  printf2.o ABSOLUTE
    ../clib/microlib/printf/printf.c         0x00000000   Number         0  printf1.o ABSOLUTE
    ../clib/microlib/printf/printf.c         0x00000000   Number         0  printfa.o ABSOLUTE
    ../clib/microlib/printf/printf.c         0x00000000   Number         0  printf8.o ABSOLUTE
    ../clib/microlib/printf/stubs.s          0x00000000   Number         0  stubs.o ABSOLUTE
    ../clib/microlib/stdio/streams.c         0x00000000   Number         0  stdout.o ABSOLUTE
    ../clib/microlib/string/memset.c         0x00000000   Number         0  memseta.o ABSOLUTE
    ../clib/microlib/string/strcmp.c         0x00000000   Number         0  strcmp.o ABSOLUTE
    ../clib/microlib/string/strncmp.c        0x00000000   Number         0  strncmp.o ABSOLUTE
    ../clib/microlib/stubs.s                 0x00000000   Number         0  iusefp.o ABSOLUTE
    ../fplib/microlib/f2d.c                  0x00000000   Number         0  f2d.o ABSOLUTE
    ../fplib/microlib/fpadd.c                0x00000000   Number         0  dadd.o ABSOLUTE
    ../fplib/microlib/fpdiv.c                0x00000000   Number         0  ddiv.o ABSOLUTE
    ../fplib/microlib/fpepilogue.c           0x00000000   Number         0  fepilogue.o ABSOLUTE
    ../fplib/microlib/fpepilogue.c           0x00000000   Number         0  depilogue.o ABSOLUTE
    ../fplib/microlib/fpfix.c                0x00000000   Number         0  dfixul.o ABSOLUTE
    ../fplib/microlib/fpflt.c                0x00000000   Number         0  ffltui.o ABSOLUTE
    ../fplib/microlib/fpflt.c                0x00000000   Number         0  fflti.o ABSOLUTE
    ../fplib/microlib/fpmul.c                0x00000000   Number         0  dmul.o ABSOLUTE
    H:\\keil5_stm32\\ARM\\PACK\\Keil\\STM32F1xx_DFP\\2.2.0\\Device\\StdPeriph_Driver\\src\\misc.c 0x00000000   Number         0  misc.o ABSOLUTE
    H:\\keil5_stm32\\ARM\\PACK\\Keil\\STM32F1xx_DFP\\2.2.0\\Device\\StdPeriph_Driver\\src\\stm32f10x_adc.c 0x00000000   Number         0  stm32f10x_adc.o ABSOLUTE
    H:\\keil5_stm32\\ARM\\PACK\\Keil\\STM32F1xx_DFP\\2.2.0\\Device\\StdPeriph_Driver\\src\\stm32f10x_gpio.c 0x00000000   Number         0  stm32f10x_gpio.o ABSOLUTE
    H:\\keil5_stm32\\ARM\\PACK\\Keil\\STM32F1xx_DFP\\2.2.0\\Device\\StdPeriph_Driver\\src\\stm32f10x_i2c.c 0x00000000   Number         0  stm32f10x_i2c.o ABSOLUTE
    H:\\keil5_stm32\\ARM\\PACK\\Keil\\STM32F1xx_DFP\\2.2.0\\Device\\StdPeriph_Driver\\src\\stm32f10x_rcc.c 0x00000000   Number         0  stm32f10x_rcc.o ABSOLUTE
    H:\\keil5_stm32\\ARM\\PACK\\Keil\\STM32F1xx_DFP\\2.2.0\\Device\\StdPeriph_Driver\\src\\stm32f10x_spi.c 0x00000000   Number         0  stm32f10x_spi.o ABSOLUTE
    H:\\keil5_stm32\\ARM\\PACK\\Keil\\STM32F1xx_DFP\\2.2.0\\Device\\StdPeriph_Driver\\src\\stm32f10x_tim.c 0x00000000   Number         0  stm32f10x_tim.o ABSOLUTE
    H:\\keil5_stm32\\ARM\\PACK\\Keil\\STM32F1xx_DFP\\2.2.0\\Device\\StdPeriph_Driver\\src\\stm32f10x_usart.c 0x00000000   Number         0  stm32f10x_usart.o ABSOLUTE
    H:\\keil5_stm32\\ARM\\PACK\\Keil\\STM32F1xx_DFP\\2.2.0\\RTE_Driver\\GPIO_STM32F10x.c 0x00000000   Number         0  gpio_stm32f10x.o ABSOLUTE
    H:\keil5_stm32\ARM\PACK\Keil\STM32F1xx_DFP\2.2.0\Device\StdPeriph_Driver\src\misc.c 0x00000000   Number         0  misc.o ABSOLUTE
    H:\keil5_stm32\ARM\PACK\Keil\STM32F1xx_DFP\2.2.0\Device\StdPeriph_Driver\src\stm32f10x_adc.c 0x00000000   Number         0  stm32f10x_adc.o ABSOLUTE
    H:\keil5_stm32\ARM\PACK\Keil\STM32F1xx_DFP\2.2.0\Device\StdPeriph_Driver\src\stm32f10x_gpio.c 0x00000000   Number         0  stm32f10x_gpio.o ABSOLUTE
    H:\keil5_stm32\ARM\PACK\Keil\STM32F1xx_DFP\2.2.0\Device\StdPeriph_Driver\src\stm32f10x_i2c.c 0x00000000   Number         0  stm32f10x_i2c.o ABSOLUTE
    H:\keil5_stm32\ARM\PACK\Keil\STM32F1xx_DFP\2.2.0\Device\StdPeriph_Driver\src\stm32f10x_rcc.c 0x00000000   Number         0  stm32f10x_rcc.o ABSOLUTE
    H:\keil5_stm32\ARM\PACK\Keil\STM32F1xx_DFP\2.2.0\Device\StdPeriph_Driver\src\stm32f10x_spi.c 0x00000000   Number         0  stm32f10x_spi.o ABSOLUTE
    H:\keil5_stm32\ARM\PACK\Keil\STM32F1xx_DFP\2.2.0\Device\StdPeriph_Driver\src\stm32f10x_tim.c 0x00000000   Number         0  stm32f10x_tim.o ABSOLUTE
    H:\keil5_stm32\ARM\PACK\Keil\STM32F1xx_DFP\2.2.0\Device\StdPeriph_Driver\src\stm32f10x_usart.c 0x00000000   Number         0  stm32f10x_usart.o ABSOLUTE
    H:\keil5_stm32\ARM\PACK\Keil\STM32F1xx_DFP\2.2.0\RTE_Driver\GPIO_STM32F10x.c 0x00000000   Number         0  gpio_stm32f10x.o ABSOLUTE
    MyUSART.c                                0x00000000   Number         0  myusart.o ABSOLUTE
    MyUSART.c                                0x00000000   Number         0  myusart.o ABSOLUTE
    RTE\Device\STM32F103C8\startup_stm32f10x_md.s 0x00000000   Number         0  startup_stm32f10x_md.o ABSOLUTE
    RTE\Device\STM32F103C8\system_stm32f10x.c 0x00000000   Number         0  system_stm32f10x.o ABSOLUTE
    RTE\\Device\\STM32F103C8\\system_stm32f10x.c 0x00000000   Number         0  system_stm32f10x.o ABSOLUTE
    adc.c                                    0x00000000   Number         0  adc.o ABSOLUTE
    adc.c                                    0x00000000   Number         0  adc.o ABSOLUTE
    cdrcmple.s                               0x00000000   Number         0  cdrcmple.o ABSOLUTE
    dc.s                                     0x00000000   Number         0  dc.o ABSOLUTE
    dht11.c                                  0x00000000   Number         0  dht11.o ABSOLUTE
    dht11.c                                  0x00000000   Number         0  dht11.o ABSOLUTE
    fengmingqi.c                             0x00000000   Number         0  fengmingqi.o ABSOLUTE
    fengmingqi.c                             0x00000000   Number         0  fengmingqi.o ABSOLUTE
    handlers.s                               0x00000000   Number         0  handlers.o ABSOLUTE
    init.s                                   0x00000000   Number         0  init.o ABSOLUTE
    led.c                                    0x00000000   Number         0  led.o ABSOLUTE
    led.c                                    0x00000000   Number         0  led.o ABSOLUTE
    main.c                                   0x00000000   Number         0  main.o ABSOLUTE
    oled.c                                   0x00000000   Number         0  oled.o ABSOLUTE
    oled.c                                   0x00000000   Number         0  oled.o ABSOLUTE
    test.c                                   0x00000000   Number         0  test.o ABSOLUTE
    test.c                                   0x00000000   Number         0  test.o ABSOLUTE
    RESET                                    0x08000000   Section      236  startup_stm32f10x_md.o(RESET)
    .ARM.Collect$$$$00000000                 0x080000ec   Section        0  entry.o(.ARM.Collect$$$$00000000)
    .ARM.Collect$$$$00000001                 0x080000ec   Section        4  entry2.o(.ARM.Collect$$$$00000001)
    .ARM.Collect$$$$00000004                 0x080000f0   Section        4  entry5.o(.ARM.Collect$$$$00000004)
    .ARM.Collect$$$$00000008                 0x080000f4   Section        0  entry7b.o(.ARM.Collect$$$$00000008)
    .ARM.Collect$$$$0000000A                 0x080000f4   Section        0  entry8b.o(.ARM.Collect$$$$0000000A)
    .ARM.Collect$$$$0000000B                 0x080000f4   Section        8  entry9a.o(.ARM.Collect$$$$0000000B)
    .ARM.Collect$$$$0000000E                 0x080000fc   Section        4  entry12b.o(.ARM.Collect$$$$0000000E)
    .ARM.Collect$$$$0000000F                 0x08000100   Section        0  entry10a.o(.ARM.Collect$$$$0000000F)
    .ARM.Collect$$$$00000011                 0x08000100   Section        0  entry11a.o(.ARM.Collect$$$$00000011)
    .ARM.Collect$$$$00002712                 0x08000100   Section        4  entry2.o(.ARM.Collect$$$$00002712)
    __lit__00000000                          0x08000100   Data           4  entry2.o(.ARM.Collect$$$$00002712)
    .text                                    0x08000104   Section       36  startup_stm32f10x_md.o(.text)
    .text                                    0x08000128   Section        0  memseta.o(.text)
    .text                                    0x0800014c   Section        0  strcmp.o(.text)
    .text                                    0x08000168   Section        0  strncmp.o(.text)
    .text                                    0x08000186   Section        0  fflti.o(.text)
    .text                                    0x08000198   Section        0  ffltui.o(.text)
    .text                                    0x080001a2   Section        0  f2d.o(.text)
    .text                                    0x080001c8   Section        0  uidiv.o(.text)
    .text                                    0x080001f4   Section        0  uldiv.o(.text)
    .text                                    0x08000256   Section        0  fepilogue.o(.text)
    .text                                    0x08000256   Section        0  iusefp.o(.text)
    .text                                    0x080002c4   Section        0  dadd.o(.text)
    .text                                    0x08000412   Section        0  dmul.o(.text)
    .text                                    0x080004f6   Section        0  ddiv.o(.text)
    .text                                    0x080005d4   Section        0  dfixul.o(.text)
    .text                                    0x08000604   Section       48  cdrcmple.o(.text)
    .text                                    0x08000634   Section       36  init.o(.text)
    .text                                    0x08000658   Section        0  llshl.o(.text)
    .text                                    0x08000676   Section        0  llushr.o(.text)
    .text                                    0x08000696   Section        0  llsshr.o(.text)
    .text                                    0x080006ba   Section        0  depilogue.o(.text)
    .text                                    0x08000774   Section        0  __dczerorl2.o(.text)
    i.ADC_Cmd                                0x080007ca   Section        0  stm32f10x_adc.o(i.ADC_Cmd)
    i.ADC_DeInit                             0x080007e0   Section        0  stm32f10x_adc.o(i.ADC_DeInit)
    i.ADC_GetConversionValue                 0x0800083c   Section        0  stm32f10x_adc.o(i.ADC_GetConversionValue)
    i.ADC_GetFlagStatus                      0x08000844   Section        0  stm32f10x_adc.o(i.ADC_GetFlagStatus)
    i.ADC_Init                               0x08000858   Section        0  stm32f10x_adc.o(i.ADC_Init)
    i.ADC_RegularChannelConfig               0x080008a8   Section        0  stm32f10x_adc.o(i.ADC_RegularChannelConfig)
    i.ADC_SoftwareStartConvCmd               0x08000960   Section        0  stm32f10x_adc.o(i.ADC_SoftwareStartConvCmd)
    i.CommandAnalyse                         0x08000978   Section        0  myusart.o(i.CommandAnalyse)
    i.Delay_1ms                              0x08000a5c   Section        0  oled.o(i.Delay_1ms)
    i.GPIO_Init                              0x08000a76   Section        0  stm32f10x_gpio.o(i.GPIO_Init)
    i.GPIO_ReadInputDataBit                  0x08000b8c   Section        0  stm32f10x_gpio.o(i.GPIO_ReadInputDataBit)
    i.GPIO_ResetBits                         0x08000b9e   Section        0  stm32f10x_gpio.o(i.GPIO_ResetBits)
    i.GPIO_SetBits                           0x08000ba2   Section        0  stm32f10x_gpio.o(i.GPIO_SetBits)
    i.GPIO_WriteBit                          0x08000ba6   Section        0  stm32f10x_gpio.o(i.GPIO_WriteBit)
    i.IIC_Start                              0x08000bb0   Section        0  oled.o(i.IIC_Start)
    i.IIC_Stop                               0x08000bd8   Section        0  oled.o(i.IIC_Stop)
    i.IIC_Wait_Ack                           0x08000bf8   Section        0  oled.o(i.IIC_Wait_Ack)
    i.Init                                   0x08000c10   Section        0  test.o(i.Init)
    i.MyUSART_Init                           0x08000c80   Section        0  myusart.o(i.MyUSART_Init)
    i.NVIC_Init                              0x08000d24   Section        0  misc.o(i.NVIC_Init)
    i.NVIC_PriorityGroupConfig               0x08000d94   Section        0  misc.o(i.NVIC_PriorityGroupConfig)
    i.OLED_Clear                             0x08000da8   Section        0  oled.o(i.OLED_Clear)
    i.OLED_DrawBMP                           0x08000de6   Section        0  oled.o(i.OLED_DrawBMP)
    i.OLED_Init                              0x08000e5c   Section        0  oled.o(i.OLED_Init)
    i.OLED_Set_Pos                           0x08000f70   Section        0  oled.o(i.OLED_Set_Pos)
    i.OLED_ShowCHinese                       0x08000f98   Section        0  oled.o(i.OLED_ShowCHinese)
    i.OLED_ShowChar                          0x08001000   Section        0  oled.o(i.OLED_ShowChar)
    i.OLED_ShowNum                           0x080010a4   Section        0  oled.o(i.OLED_ShowNum)
    i.OLED_ShowString                        0x0800112c   Section        0  oled.o(i.OLED_ShowString)
    i.OLED_WR_Byte                           0x08001166   Section        0  oled.o(i.OLED_WR_Byte)
    i.RCC_APB1PeriphClockCmd                 0x08001180   Section        0  stm32f10x_rcc.o(i.RCC_APB1PeriphClockCmd)
    i.RCC_APB2PeriphClockCmd                 0x080011a0   Section        0  stm32f10x_rcc.o(i.RCC_APB2PeriphClockCmd)
    i.RCC_APB2PeriphResetCmd                 0x080011c0   Section        0  stm32f10x_rcc.o(i.RCC_APB2PeriphResetCmd)
    i.RCC_GetClocksFreq                      0x080011e0   Section        0  stm32f10x_rcc.o(i.RCC_GetClocksFreq)
    i.SetSysClock                            0x080012b4   Section        0  system_stm32f10x.o(i.SetSysClock)
    SetSysClock                              0x080012b5   Thumb Code     8  system_stm32f10x.o(i.SetSysClock)
    i.SetSysClockTo72                        0x080012bc   Section        0  system_stm32f10x.o(i.SetSysClockTo72)
    SetSysClockTo72                          0x080012bd   Thumb Code   214  system_stm32f10x.o(i.SetSysClockTo72)
    i.SystemInit                             0x0800139c   Section        0  system_stm32f10x.o(i.SystemInit)
    i.TIM2_IRQHandler                        0x080013fc   Section        0  test.o(i.TIM2_IRQHandler)
    i.TIM_ClearITPendingBit                  0x08001564   Section        0  stm32f10x_tim.o(i.TIM_ClearITPendingBit)
    i.TIM_Cmd                                0x0800156a   Section        0  stm32f10x_tim.o(i.TIM_Cmd)
    i.TIM_GetITStatus                        0x08001582   Section        0  stm32f10x_tim.o(i.TIM_GetITStatus)
    i.TIM_ITConfig                           0x080015a4   Section        0  stm32f10x_tim.o(i.TIM_ITConfig)
    i.TIM_OC4Init                            0x080015b8   Section        0  stm32f10x_tim.o(i.TIM_OC4Init)
    i.TIM_TimeBaseInit                       0x08001634   Section        0  stm32f10x_tim.o(i.TIM_TimeBaseInit)
    i.USART3_IRQHandler                      0x080016d8   Section        0  myusart.o(i.USART3_IRQHandler)
    i.USART_Cmd                              0x08001750   Section        0  stm32f10x_usart.o(i.USART_Cmd)
    i.USART_GetFlagStatus                    0x08001768   Section        0  stm32f10x_usart.o(i.USART_GetFlagStatus)
    i.USART_GetITStatus                      0x08001782   Section        0  stm32f10x_usart.o(i.USART_GetITStatus)
    i.USART_ITConfig                         0x080017d6   Section        0  stm32f10x_usart.o(i.USART_ITConfig)
    i.USART_Init                             0x08001820   Section        0  stm32f10x_usart.o(i.USART_Init)
    i.USART_ReceiveData                      0x080018f8   Section        0  stm32f10x_usart.o(i.USART_ReceiveData)
    i.USART_SendData                         0x08001902   Section        0  stm32f10x_usart.o(i.USART_SendData)
    i.Write_IIC_Byte                         0x0800190c   Section        0  oled.o(i.Write_IIC_Byte)
    i.Write_IIC_Command                      0x08001960   Section        0  oled.o(i.Write_IIC_Command)
    i.Write_IIC_Data                         0x0800198c   Section        0  oled.o(i.Write_IIC_Data)
    i.__0printf                              0x080019b8   Section        0  printfa.o(i.__0printf)
    i.__scatterload_copy                     0x080019d8   Section       14  handlers.o(i.__scatterload_copy)
    i.__scatterload_null                     0x080019e6   Section        2  handlers.o(i.__scatterload_null)
    i.__scatterload_zeroinit                 0x080019e8   Section       14  handlers.o(i.__scatterload_zeroinit)
    i._fp_digits                             0x080019f8   Section        0  printfa.o(i._fp_digits)
    _fp_digits                               0x080019f9   Thumb Code   366  printfa.o(i._fp_digits)
    i._printf_core                           0x08001b7c   Section        0  printfa.o(i._printf_core)
    _printf_core                             0x08001b7d   Thumb Code  1704  printfa.o(i._printf_core)
    i._printf_post_padding                   0x08002230   Section        0  printfa.o(i._printf_post_padding)
    _printf_post_padding                     0x08002231   Thumb Code    36  printfa.o(i._printf_post_padding)
    i._printf_pre_padding                    0x08002254   Section        0  printfa.o(i._printf_pre_padding)
    _printf_pre_padding                      0x08002255   Thumb Code    46  printfa.o(i._printf_pre_padding)
    i.adc_init                               0x08002284   Section        0  adc.o(i.adc_init)
    i.adc_read                               0x08002308   Section        0  adc.o(i.adc_read)
    i.delay                                  0x08002358   Section        0  adc.o(i.delay)
    i.delay_10ms                             0x08002376   Section        0  dht11.o(i.delay_10ms)
    i.delay_10us                             0x08002394   Section        0  dht11.o(i.delay_10us)
    i.delay_ms                               0x080023a2   Section        0  myusart.o(i.delay_ms)
    i.dht11_IO_IN                            0x080023bc   Section        0  dht11.o(i.dht11_IO_IN)
    i.dht11_IO_OUT                           0x080023dc   Section        0  dht11.o(i.dht11_IO_OUT)
    i.dht11_gpio_init                        0x08002400   Section        0  dht11.o(i.dht11_gpio_init)
    i.dht11_init                             0x08002454   Section        0  dht11.o(i.dht11_init)
    i.dht11_read                             0x080024cc   Section        0  dht11.o(i.dht11_read)
    i.esp_Init                               0x080025a4   Section        0  test.o(i.esp_Init)
    i.feng_IO_OUT                            0x080026d0   Section        0  dht11.o(i.feng_IO_OUT)
    i.feng_off_out                           0x080026f4   Section        0  dht11.o(i.feng_off_out)
    i.feng_on_out                            0x08002708   Section        0  dht11.o(i.feng_on_out)
    i.fputc                                  0x0800271c   Section        0  test.o(i.fputc)
    i.led_init                               0x08002740   Section        0  led.o(i.led_init)
    i.led_off                                0x0800278c   Section        0  led.o(i.led_off)
    i.led_off_R                              0x080027a0   Section        0  led.o(i.led_off_R)
    i.led_on                                 0x080027b4   Section        0  led.o(i.led_on)
    i.main                                   0x080027c8   Section        0  test.o(i.main)
    i.nvic_init                              0x080029f4   Section        0  adc.o(i.nvic_init)
    i.oled_pow                               0x08002a16   Section        0  oled.o(i.oled_pow)
    i.pwm_gpio_init                          0x08002a2c   Section        0  fengmingqi.o(i.pwm_gpio_init)
    i.pwm_set                                0x08002a50   Section        0  fengmingqi.o(i.pwm_set)
    i.rent_IO_IN                             0x08002ab0   Section        0  dht11.o(i.rent_IO_IN)
    .constdata                               0x08002acc   Section     2072  oled.o(.constdata)
    .conststring                             0x080032e4   Section      334  test.o(.conststring)
    .conststring                             0x08003434   Section       56  myusart.o(.conststring)
    .data                                    0x20000000   Section    10972  test.o(.data)
    .data                                    0x20002adc   Section       40  myusart.o(.data)
    .data                                    0x20002b04   Section      896  oled.o(.data)
    .data                                    0x20002e84   Section       20  stm32f10x_rcc.o(.data)
    APBAHBPrescTable                         0x20002e84   Data          16  stm32f10x_rcc.o(.data)
    ADCPrescTable                            0x20002e94   Data           4  stm32f10x_rcc.o(.data)
    .data                                    0x20002e98   Section        4  stdout.o(.data)
    .bss                                     0x20002e9c   Section      250  myusart.o(.bss)
    STACK                                    0x20002f98   Section     1024  startup_stm32f10x_md.o(STACK)

    Global Symbols

    Symbol Name                              Value     Ov Type        Size  Object(Section)

    BuildAttributes$$THM_ISAv4$P$D$K$B$S$PE$A:L22UL41UL21$X:L11$S22US41US21$IEEE1$IW$USESV6$~STKCKD$USESV7$~SHL$OTIME$ROPI$EBA8$MICROLIB$REQ8$PRES8$EABIv2 0x00000000   Number         0  anon$$obj.o ABSOLUTE
    __ARM_use_no_argv                        0x00000000   Number         0  test.o ABSOLUTE
    _printf_a                                0x00000000   Number         0  stubs.o ABSOLUTE
    _printf_c                                0x00000000   Number         0  stubs.o ABSOLUTE
    _printf_charcount                        0x00000000   Number         0  stubs.o ABSOLUTE
    _printf_d                                0x00000000   Number         0  stubs.o ABSOLUTE
    _printf_e                                0x00000000   Number         0  stubs.o ABSOLUTE
    _printf_f                                0x00000000   Number         0  stubs.o ABSOLUTE
    _printf_flags                            0x00000000   Number         0  stubs.o ABSOLUTE
    _printf_fp_dec                           0x00000000   Number         0  stubs.o ABSOLUTE
    _printf_fp_hex                           0x00000000   Number         0  stubs.o ABSOLUTE
    _printf_g                                0x00000000   Number         0  stubs.o ABSOLUTE
    _printf_i                                0x00000000   Number         0  stubs.o ABSOLUTE
    _printf_int_dec                          0x00000000   Number         0  stubs.o ABSOLUTE
    _printf_l                                0x00000000   Number         0  stubs.o ABSOLUTE
    _printf_lc                               0x00000000   Number         0  stubs.o ABSOLUTE
    _printf_ll                               0x00000000   Number         0  stubs.o ABSOLUTE
    _printf_lld                              0x00000000   Number         0  stubs.o ABSOLUTE
    _printf_lli                              0x00000000   Number         0  stubs.o ABSOLUTE
    _printf_llo                              0x00000000   Number         0  stubs.o ABSOLUTE
    _printf_llu                              0x00000000   Number         0  stubs.o ABSOLUTE
    _printf_llx                              0x00000000   Number         0  stubs.o ABSOLUTE
    _printf_longlong_dec                     0x00000000   Number         0  stubs.o ABSOLUTE
    _printf_longlong_hex                     0x00000000   Number         0  stubs.o ABSOLUTE
    _printf_longlong_oct                     0x00000000   Number         0  stubs.o ABSOLUTE
    _printf_ls                               0x00000000   Number         0  stubs.o ABSOLUTE
    _printf_mbtowc                           0x00000000   Number         0  stubs.o ABSOLUTE
    _printf_n                                0x00000000   Number         0  stubs.o ABSOLUTE
    _printf_o                                0x00000000   Number         0  stubs.o ABSOLUTE
    _printf_p                                0x00000000   Number         0  stubs.o ABSOLUTE
    _printf_percent                          0x00000000   Number         0  stubs.o ABSOLUTE
    _printf_pre_padding                      0x00000000   Number         0  stubs.o ABSOLUTE
    _printf_return_value                     0x00000000   Number         0  stubs.o ABSOLUTE
    _printf_s                                0x00000000   Number         0  stubs.o ABSOLUTE
    _printf_sizespec                         0x00000000   Number         0  stubs.o ABSOLUTE
    _printf_str                              0x00000000   Number         0  stubs.o ABSOLUTE
    _printf_truncate_signed                  0x00000000   Number         0  stubs.o ABSOLUTE
    _printf_truncate_unsigned                0x00000000   Number         0  stubs.o ABSOLUTE
    _printf_u                                0x00000000   Number         0  stubs.o ABSOLUTE
    _printf_wc                               0x00000000   Number         0  stubs.o ABSOLUTE
    _printf_wctomb                           0x00000000   Number         0  stubs.o ABSOLUTE
    _printf_widthprec                        0x00000000   Number         0  stubs.o ABSOLUTE
    _printf_x                                0x00000000   Number         0  stubs.o ABSOLUTE
    __arm_fini_                               - Undefined Weak Reference
    __cpp_initialize__aeabi_                  - Undefined Weak Reference
    __cxa_finalize                            - Undefined Weak Reference
    _clock_init                               - Undefined Weak Reference
    _microlib_exit                            - Undefined Weak Reference
    __Vectors_Size                           0x000000ec   Number         0  startup_stm32f10x_md.o ABSOLUTE
    __Vectors                                0x08000000   Data           4  startup_stm32f10x_md.o(RESET)
    __Vectors_End                            0x080000ec   Data           0  startup_stm32f10x_md.o(RESET)
    __main                                   0x080000ed   Thumb Code     0  entry.o(.ARM.Collect$$$$00000000)
    _main_stk                                0x080000ed   Thumb Code     0  entry2.o(.ARM.Collect$$$$00000001)
    _main_scatterload                        0x080000f1   Thumb Code     0  entry5.o(.ARM.Collect$$$$00000004)
    __main_after_scatterload                 0x080000f5   Thumb Code     0  entry5.o(.ARM.Collect$$$$00000004)
    _main_clock                              0x080000f5   Thumb Code     0  entry7b.o(.ARM.Collect$$$$00000008)
    _main_cpp_init                           0x080000f5   Thumb Code     0  entry8b.o(.ARM.Collect$$$$0000000A)
    _main_init                               0x080000f5   Thumb Code     0  entry9a.o(.ARM.Collect$$$$0000000B)
    __rt_lib_shutdown_fini                   0x080000fd   Thumb Code     0  entry12b.o(.ARM.Collect$$$$0000000E)
    __rt_final_cpp                           0x08000101   Thumb Code     0  entry10a.o(.ARM.Collect$$$$0000000F)
    __rt_final_exit                          0x08000101   Thumb Code     0  entry11a.o(.ARM.Collect$$$$00000011)
    Reset_Handler                            0x08000105   Thumb Code     8  startup_stm32f10x_md.o(.text)
    NMI_Handler                              0x0800010d   Thumb Code     2  startup_stm32f10x_md.o(.text)
    HardFault_Handler                        0x0800010f   Thumb Code     2  startup_stm32f10x_md.o(.text)
    MemManage_Handler                        0x08000111   Thumb Code     2  startup_stm32f10x_md.o(.text)
    BusFault_Handler                         0x08000113   Thumb Code     2  startup_stm32f10x_md.o(.text)
    UsageFault_Handler                       0x08000115   Thumb Code     2  startup_stm32f10x_md.o(.text)
    SVC_Handler                              0x08000117   Thumb Code     2  startup_stm32f10x_md.o(.text)
    DebugMon_Handler                         0x08000119   Thumb Code     2  startup_stm32f10x_md.o(.text)
    PendSV_Handler                           0x0800011b   Thumb Code     2  startup_stm32f10x_md.o(.text)
    SysTick_Handler                          0x0800011d   Thumb Code     2  startup_stm32f10x_md.o(.text)
    ADC1_2_IRQHandler                        0x0800011f   Thumb Code     0  startup_stm32f10x_md.o(.text)
    CAN1_RX1_IRQHandler                      0x0800011f   Thumb Code     0  startup_stm32f10x_md.o(.text)
    CAN1_SCE_IRQHandler                      0x0800011f   Thumb Code     0  startup_stm32f10x_md.o(.text)
    DMA1_Channel1_IRQHandler                 0x0800011f   Thumb Code     0  startup_stm32f10x_md.o(.text)
    DMA1_Channel2_IRQHandler                 0x0800011f   Thumb Code     0  startup_stm32f10x_md.o(.text)
    DMA1_Channel3_IRQHandler                 0x0800011f   Thumb Code     0  startup_stm32f10x_md.o(.text)
    DMA1_Channel4_IRQHandler                 0x0800011f   Thumb Code     0  startup_stm32f10x_md.o(.text)
    DMA1_Channel5_IRQHandler                 0x0800011f   Thumb Code     0  startup_stm32f10x_md.o(.text)
    DMA1_Channel6_IRQHandler                 0x0800011f   Thumb Code     0  startup_stm32f10x_md.o(.text)
    DMA1_Channel7_IRQHandler                 0x0800011f   Thumb Code     0  startup_stm32f10x_md.o(.text)
    EXTI0_IRQHandler                         0x0800011f   Thumb Code     0  startup_stm32f10x_md.o(.text)
    EXTI15_10_IRQHandler                     0x0800011f   Thumb Code     0  startup_stm32f10x_md.o(.text)
    EXTI1_IRQHandler                         0x0800011f   Thumb Code     0  startup_stm32f10x_md.o(.text)
    EXTI2_IRQHandler                         0x0800011f   Thumb Code     0  startup_stm32f10x_md.o(.text)
    EXTI3_IRQHandler                         0x0800011f   Thumb Code     0  startup_stm32f10x_md.o(.text)
    EXTI4_IRQHandler                         0x0800011f   Thumb Code     0  startup_stm32f10x_md.o(.text)
    EXTI9_5_IRQHandler                       0x0800011f   Thumb Code     0  startup_stm32f10x_md.o(.text)
    FLASH_IRQHandler                         0x0800011f   Thumb Code     0  startup_stm32f10x_md.o(.text)
    I2C1_ER_IRQHandler                       0x0800011f   Thumb Code     0  startup_stm32f10x_md.o(.text)
    I2C1_EV_IRQHandler                       0x0800011f   Thumb Code     0  startup_stm32f10x_md.o(.text)
    I2C2_ER_IRQHandler                       0x0800011f   Thumb Code     0  startup_stm32f10x_md.o(.text)
    I2C2_EV_IRQHandler                       0x0800011f   Thumb Code     0  startup_stm32f10x_md.o(.text)
    PVD_IRQHandler                           0x0800011f   Thumb Code     0  startup_stm32f10x_md.o(.text)
    RCC_IRQHandler                           0x0800011f   Thumb Code     0  startup_stm32f10x_md.o(.text)
    RTCAlarm_IRQHandler                      0x0800011f   Thumb Code     0  startup_stm32f10x_md.o(.text)
    RTC_IRQHandler                           0x0800011f   Thumb Code     0  startup_stm32f10x_md.o(.text)
    SPI1_IRQHandler                          0x0800011f   Thumb Code     0  startup_stm32f10x_md.o(.text)
    SPI2_IRQHandler                          0x0800011f   Thumb Code     0  startup_stm32f10x_md.o(.text)
    TAMPER_IRQHandler                        0x0800011f   Thumb Code     0  startup_stm32f10x_md.o(.text)
    TIM1_BRK_IRQHandler                      0x0800011f   Thumb Code     0  startup_stm32f10x_md.o(.text)
    TIM1_CC_IRQHandler                       0x0800011f   Thumb Code     0  startup_stm32f10x_md.o(.text)
    TIM1_TRG_COM_IRQHandler                  0x0800011f   Thumb Code     0  startup_stm32f10x_md.o(.text)
    TIM1_UP_IRQHandler                       0x0800011f   Thumb Code     0  startup_stm32f10x_md.o(.text)
    TIM3_IRQHandler                          0x0800011f   Thumb Code     0  startup_stm32f10x_md.o(.text)
    TIM4_IRQHandler                          0x0800011f   Thumb Code     0  startup_stm32f10x_md.o(.text)
    USART1_IRQHandler                        0x0800011f   Thumb Code     0  startup_stm32f10x_md.o(.text)
    USART2_IRQHandler                        0x0800011f   Thumb Code     0  startup_stm32f10x_md.o(.text)
    USBWakeUp_IRQHandler                     0x0800011f   Thumb Code     0  startup_stm32f10x_md.o(.text)
    USB_HP_CAN1_TX_IRQHandler                0x0800011f   Thumb Code     0  startup_stm32f10x_md.o(.text)
    USB_LP_CAN1_RX0_IRQHandler               0x0800011f   Thumb Code     0  startup_stm32f10x_md.o(.text)
    WWDG_IRQHandler                          0x0800011f   Thumb Code     0  startup_stm32f10x_md.o(.text)
    __aeabi_memset                           0x08000129   Thumb Code    14  memseta.o(.text)
    __aeabi_memset4                          0x08000129   Thumb Code     0  memseta.o(.text)
    __aeabi_memset8                          0x08000129   Thumb Code     0  memseta.o(.text)
    __aeabi_memclr                           0x08000137   Thumb Code     4  memseta.o(.text)
    __aeabi_memclr4                          0x08000137   Thumb Code     0  memseta.o(.text)
    __aeabi_memclr8                          0x08000137   Thumb Code     0  memseta.o(.text)
    _memset$wrapper                          0x0800013b   Thumb Code    18  memseta.o(.text)
    strcmp                                   0x0800014d   Thumb Code    28  strcmp.o(.text)
    strncmp                                  0x08000169   Thumb Code    30  strncmp.o(.text)
    __aeabi_i2f                              0x08000187   Thumb Code    18  fflti.o(.text)
    __aeabi_ui2f                             0x08000199   Thumb Code    10  ffltui.o(.text)
    __aeabi_f2d                              0x080001a3   Thumb Code    38  f2d.o(.text)
    __aeabi_uidiv                            0x080001c9   Thumb Code     0  uidiv.o(.text)
    __aeabi_uidivmod                         0x080001c9   Thumb Code    44  uidiv.o(.text)
    __aeabi_uldivmod                         0x080001f5   Thumb Code    98  uldiv.o(.text)
    __I$use$fp                               0x08000257   Thumb Code     0  iusefp.o(.text)
    _float_round                             0x08000257   Thumb Code    18  fepilogue.o(.text)
    _float_epilogue                          0x08000269   Thumb Code    92  fepilogue.o(.text)
    __aeabi_dadd                             0x080002c5   Thumb Code   322  dadd.o(.text)
    __aeabi_dsub                             0x08000407   Thumb Code     6  dadd.o(.text)
    __aeabi_drsub                            0x0800040d   Thumb Code     6  dadd.o(.text)
    __aeabi_dmul                             0x08000413   Thumb Code   228  dmul.o(.text)
    __aeabi_ddiv                             0x080004f7   Thumb Code   222  ddiv.o(.text)
    __aeabi_d2ulz                            0x080005d5   Thumb Code    48  dfixul.o(.text)
    __aeabi_cdrcmple                         0x08000605   Thumb Code    48  cdrcmple.o(.text)
    __scatterload                            0x08000635   Thumb Code    28  init.o(.text)
    __scatterload_rt2                        0x08000635   Thumb Code     0  init.o(.text)
    __aeabi_llsl                             0x08000659   Thumb Code    30  llshl.o(.text)
    _ll_shift_l                              0x08000659   Thumb Code     0  llshl.o(.text)
    __aeabi_llsr                             0x08000677   Thumb Code    32  llushr.o(.text)
    _ll_ushift_r                             0x08000677   Thumb Code     0  llushr.o(.text)
    __aeabi_lasr                             0x08000697   Thumb Code    36  llsshr.o(.text)
    _ll_sshift_r                             0x08000697   Thumb Code     0  llsshr.o(.text)
    _double_round                            0x080006bb   Thumb Code    30  depilogue.o(.text)
    _double_epilogue                         0x080006d9   Thumb Code   156  depilogue.o(.text)
    __decompress                             0x08000775   Thumb Code     0  __dczerorl2.o(.text)
    __decompress1                            0x08000775   Thumb Code    86  __dczerorl2.o(.text)
    ADC_Cmd                                  0x080007cb   Thumb Code    22  stm32f10x_adc.o(i.ADC_Cmd)
    ADC_DeInit                               0x080007e1   Thumb Code    78  stm32f10x_adc.o(i.ADC_DeInit)
    ADC_GetConversionValue                   0x0800083d   Thumb Code     8  stm32f10x_adc.o(i.ADC_GetConversionValue)
    ADC_GetFlagStatus                        0x08000845   Thumb Code    18  stm32f10x_adc.o(i.ADC_GetFlagStatus)
    ADC_Init                                 0x08000859   Thumb Code    70  stm32f10x_adc.o(i.ADC_Init)
    ADC_RegularChannelConfig                 0x080008a9   Thumb Code   184  stm32f10x_adc.o(i.ADC_RegularChannelConfig)
    ADC_SoftwareStartConvCmd                 0x08000961   Thumb Code    22  stm32f10x_adc.o(i.ADC_SoftwareStartConvCmd)
    CommandAnalyse                           0x08000979   Thumb Code   170  myusart.o(i.CommandAnalyse)
    Delay_1ms                                0x08000a5d   Thumb Code    26  oled.o(i.Delay_1ms)
    GPIO_Init                                0x08000a77   Thumb Code   278  stm32f10x_gpio.o(i.GPIO_Init)
    GPIO_ReadInputDataBit                    0x08000b8d   Thumb Code    18  stm32f10x_gpio.o(i.GPIO_ReadInputDataBit)
    GPIO_ResetBits                           0x08000b9f   Thumb Code     4  stm32f10x_gpio.o(i.GPIO_ResetBits)
    GPIO_SetBits                             0x08000ba3   Thumb Code     4  stm32f10x_gpio.o(i.GPIO_SetBits)
    GPIO_WriteBit                            0x08000ba7   Thumb Code    10  stm32f10x_gpio.o(i.GPIO_WriteBit)
    IIC_Start                                0x08000bb1   Thumb Code    36  oled.o(i.IIC_Start)
    IIC_Stop                                 0x08000bd9   Thumb Code    28  oled.o(i.IIC_Stop)
    IIC_Wait_Ack                             0x08000bf9   Thumb Code    20  oled.o(i.IIC_Wait_Ack)
    Init                                     0x08000c11   Thumb Code    82  test.o(i.Init)
    MyUSART_Init                             0x08000c81   Thumb Code   154  myusart.o(i.MyUSART_Init)
    NVIC_Init                                0x08000d25   Thumb Code   100  misc.o(i.NVIC_Init)
    NVIC_PriorityGroupConfig                 0x08000d95   Thumb Code    10  misc.o(i.NVIC_PriorityGroupConfig)
    OLED_Clear                               0x08000da9   Thumb Code    62  oled.o(i.OLED_Clear)
    OLED_DrawBMP                             0x08000de7   Thumb Code   118  oled.o(i.OLED_DrawBMP)
    OLED_Init                                0x08000e5d   Thumb Code   270  oled.o(i.OLED_Init)
    OLED_Set_Pos                             0x08000f71   Thumb Code    40  oled.o(i.OLED_Set_Pos)
    OLED_ShowCHinese                         0x08000f99   Thumb Code    98  oled.o(i.OLED_ShowCHinese)
    OLED_ShowChar                            0x08001001   Thumb Code   154  oled.o(i.OLED_ShowChar)
    OLED_ShowNum                             0x080010a5   Thumb Code   136  oled.o(i.OLED_ShowNum)
    OLED_ShowString                          0x0800112d   Thumb Code    58  oled.o(i.OLED_ShowString)
    OLED_WR_Byte                             0x08001167   Thumb Code    24  oled.o(i.OLED_WR_Byte)
    RCC_APB1PeriphClockCmd                   0x08001181   Thumb Code    26  stm32f10x_rcc.o(i.RCC_APB1PeriphClockCmd)
    RCC_APB2PeriphClockCmd                   0x080011a1   Thumb Code    26  stm32f10x_rcc.o(i.RCC_APB2PeriphClockCmd)
    RCC_APB2PeriphResetCmd                   0x080011c1   Thumb Code    26  stm32f10x_rcc.o(i.RCC_APB2PeriphResetCmd)
    RCC_GetClocksFreq                        0x080011e1   Thumb Code   192  stm32f10x_rcc.o(i.RCC_GetClocksFreq)
    SystemInit                               0x0800139d   Thumb Code    78  system_stm32f10x.o(i.SystemInit)
    TIM2_IRQHandler                          0x080013fd   Thumb Code   292  test.o(i.TIM2_IRQHandler)
    TIM_ClearITPendingBit                    0x08001565   Thumb Code     6  stm32f10x_tim.o(i.TIM_ClearITPendingBit)
    TIM_Cmd                                  0x0800156b   Thumb Code    24  stm32f10x_tim.o(i.TIM_Cmd)
    TIM_GetITStatus                          0x08001583   Thumb Code    34  stm32f10x_tim.o(i.TIM_GetITStatus)
    TIM_ITConfig                             0x080015a5   Thumb Code    18  stm32f10x_tim.o(i.TIM_ITConfig)
    TIM_OC4Init                              0x080015b9   Thumb Code   114  stm32f10x_tim.o(i.TIM_OC4Init)
    TIM_TimeBaseInit                         0x08001635   Thumb Code   122  stm32f10x_tim.o(i.TIM_TimeBaseInit)
    USART3_IRQHandler                        0x080016d9   Thumb Code   106  myusart.o(i.USART3_IRQHandler)
    USART_Cmd                                0x08001751   Thumb Code    24  stm32f10x_usart.o(i.USART_Cmd)
    USART_GetFlagStatus                      0x08001769   Thumb Code    26  stm32f10x_usart.o(i.USART_GetFlagStatus)
    USART_GetITStatus                        0x08001783   Thumb Code    84  stm32f10x_usart.o(i.USART_GetITStatus)
    USART_ITConfig                           0x080017d7   Thumb Code    74  stm32f10x_usart.o(i.USART_ITConfig)
    USART_Init                               0x08001821   Thumb Code   210  stm32f10x_usart.o(i.USART_Init)
    USART_ReceiveData                        0x080018f9   Thumb Code    10  stm32f10x_usart.o(i.USART_ReceiveData)
    USART_SendData                           0x08001903   Thumb Code     8  stm32f10x_usart.o(i.USART_SendData)
    Write_IIC_Byte                           0x0800190d   Thumb Code    80  oled.o(i.Write_IIC_Byte)
    Write_IIC_Command                        0x08001961   Thumb Code    44  oled.o(i.Write_IIC_Command)
    Write_IIC_Data                           0x0800198d   Thumb Code    44  oled.o(i.Write_IIC_Data)
    __0printf                                0x080019b9   Thumb Code    22  printfa.o(i.__0printf)
    __1printf                                0x080019b9   Thumb Code     0  printfa.o(i.__0printf)
    __2printf                                0x080019b9   Thumb Code     0  printfa.o(i.__0printf)
    __c89printf                              0x080019b9   Thumb Code     0  printfa.o(i.__0printf)
    printf                                   0x080019b9   Thumb Code     0  printfa.o(i.__0printf)
    __scatterload_copy                       0x080019d9   Thumb Code    14  handlers.o(i.__scatterload_copy)
    __scatterload_null                       0x080019e7   Thumb Code     2  handlers.o(i.__scatterload_null)
    __scatterload_zeroinit                   0x080019e9   Thumb Code    14  handlers.o(i.__scatterload_zeroinit)
    adc_init                                 0x08002285   Thumb Code   124  adc.o(i.adc_init)
    adc_read                                 0x08002309   Thumb Code    74  adc.o(i.adc_read)
    delay                                    0x08002359   Thumb Code    30  adc.o(i.delay)
    delay_10ms                               0x08002377   Thumb Code    30  dht11.o(i.delay_10ms)
    delay_10us                               0x08002395   Thumb Code    14  dht11.o(i.delay_10us)
    delay_ms                                 0x080023a3   Thumb Code    26  myusart.o(i.delay_ms)
    dht11_IO_IN                              0x080023bd   Thumb Code    26  dht11.o(i.dht11_IO_IN)
    dht11_IO_OUT                             0x080023dd   Thumb Code    32  dht11.o(i.dht11_IO_OUT)
    dht11_gpio_init                          0x08002401   Thumb Code    78  dht11.o(i.dht11_gpio_init)
    dht11_init                               0x08002455   Thumb Code   116  dht11.o(i.dht11_init)
    dht11_read                               0x080024cd   Thumb Code   210  dht11.o(i.dht11_read)
    esp_Init                                 0x080025a5   Thumb Code   164  test.o(i.esp_Init)
    feng_IO_OUT                              0x080026d1   Thumb Code    32  dht11.o(i.feng_IO_OUT)
    feng_off_out                             0x080026f5   Thumb Code    16  dht11.o(i.feng_off_out)
    feng_on_out                              0x08002709   Thumb Code    14  dht11.o(i.feng_on_out)
    fputc                                    0x0800271d   Thumb Code    32  test.o(i.fputc)
    led_init                                 0x08002741   Thumb Code    66  led.o(i.led_init)
    led_off                                  0x0800278d   Thumb Code    14  led.o(i.led_off)
    led_off_R                                0x080027a1   Thumb Code    14  led.o(i.led_off_R)
    led_on                                   0x080027b5   Thumb Code    14  led.o(i.led_on)
    main                                     0x080027c9   Thumb Code   514  test.o(i.main)
    nvic_init                                0x080029f5   Thumb Code    34  adc.o(i.nvic_init)
    oled_pow                                 0x08002a17   Thumb Code    22  oled.o(i.oled_pow)
    pwm_gpio_init                            0x08002a2d   Thumb Code    32  fengmingqi.o(i.pwm_gpio_init)
    pwm_set                                  0x08002a51   Thumb Code    90  fengmingqi.o(i.pwm_set)
    rent_IO_IN                               0x08002ab1   Thumb Code    24  dht11.o(i.rent_IO_IN)
    F6x8                                     0x08002acc   Data         552  oled.o(.constdata)
    F8X16                                    0x08002cf4   Data        1520  oled.o(.constdata)
    Region$$Table$$Base                      0x0800346c   Number         0  anon$$obj.o(Region$$Table)
    Region$$Table$$Limit                     0x0800348c   Number         0  anon$$obj.o(Region$$Table)
    KJ01                                     0x20000000   Data        1024  test.o(.data)
    KJ02                                     0x20000400   Data        1024  test.o(.data)
    KJ03                                     0x20000800   Data        1024  test.o(.data)
    KJ04                                     0x20000c00   Data        1024  test.o(.data)
    KJ05                                     0x20001000   Data        1024  test.o(.data)
    KJ06                                     0x20001400   Data        1024  test.o(.data)
    KJ07                                     0x20001800   Data        1024  test.o(.data)
    KJ08                                     0x20001c00   Data        1024  test.o(.data)
    KJ09                                     0x20002000   Data        1024  test.o(.data)
    KJ10                                     0x20002400   Data        1024  test.o(.data)
    KJ11                                     0x20002800   Data         200  test.o(.data)
    ui1                                      0x200028c8   Data          32  test.o(.data)
    ui2                                      0x200028e8   Data          32  test.o(.data)
    ui3                                      0x20002908   Data         128  test.o(.data)
    ui4                                      0x20002988   Data         128  test.o(.data)
    ui5                                      0x20002a08   Data         128  test.o(.data)
    WIFI                                     0x20002a88   Data           4  test.o(.data)
    WIFIASSWORD                              0x20002a8c   Data           4  test.o(.data)
    ClintID                                  0x20002a90   Data           4  test.o(.data)
    username                                 0x20002a94   Data           4  test.o(.data)
    passwd                                   0x20002a98   Data           4  test.o(.data)
    Url                                      0x20002a9c   Data           4  test.o(.data)
    pubtopic                                 0x20002aa0   Data           4  test.o(.data)
    subtopic                                 0x20002aa4   Data           4  test.o(.data)
    count                                    0x20002aa8   Data           4  test.o(.data)
    cnt                                      0x20002aac   Data           2  test.o(.data)
    tem                                      0x20002aae   Data           1  test.o(.data)
    hum                                      0x20002aaf   Data           1  test.o(.data)
    rent                                     0x20002ab0   Data           4  test.o(.data)
    fan                                      0x20002ab4   Data           4  test.o(.data)
    lamp1                                    0x20002ab8   Data           4  test.o(.data)
    feng                                     0x20002abc   Data           4  test.o(.data)
    func1                                    0x20002ac0   Data           4  test.o(.data)
    func2                                    0x20002ac4   Data           4  test.o(.data)
    func3                                    0x20002ac8   Data           4  test.o(.data)
    func4                                    0x20002acc   Data           4  test.o(.data)
    func5                                    0x20002ad0   Data           4  test.o(.data)
    func6                                    0x20002ad4   Data           4  test.o(.data)
    func7                                    0x20002ad8   Data           4  test.o(.data)
    i                                        0x20002adc   Data           1  myusart.o(.data)
    Refunc1                                  0x20002ae0   Data           4  myusart.o(.data)
    Refunc2                                  0x20002ae4   Data           4  myusart.o(.data)
    Refunc3                                  0x20002ae8   Data           4  myusart.o(.data)
    Refunc4                                  0x20002aec   Data           4  myusart.o(.data)
    Refunc5                                  0x20002af0   Data           4  myusart.o(.data)
    Refunc6                                  0x20002af4   Data           4  myusart.o(.data)
    FanStatus                                0x20002af8   Data           4  myusart.o(.data)
    FengStatus                               0x20002afc   Data           4  myusart.o(.data)
    LampStatus                               0x20002b00   Data           4  myusart.o(.data)
    Hzk                                      0x20002b04   Data         896  oled.o(.data)
    __stdout                                 0x20002e98   Data           4  stdout.o(.data)
    RECS                                     0x20002e9c   Data         250  myusart.o(.bss)
    __initial_sp                             0x20003398   Data           0  startup_stm32f10x_md.o(STACK)



==============================================================================

Memory Map of the image

  Image Entry point : 0x080000ed

  Load Region LR_IROM1 (Base: 0x08000000, Size: 0x00006328, Max: 0x00010000, ABSOLUTE, COMPRESSED[0x00003cb4])

    Execution Region ER_IROM1 (Exec base: 0x08000000, Load base: 0x08000000, Size: 0x0000348c, Max: 0x00010000, ABSOLUTE)

    Exec Addr    Load Addr    Size         Type   Attr      Idx    E Section Name        Object

    0x08000000   0x08000000   0x000000ec   Data   RO         2380    RESET               startup_stm32f10x_md.o
    0x080000ec   0x080000ec   0x00000000   Code   RO         2431  * .ARM.Collect$$$$00000000  mc_w.l(entry.o)
    0x080000ec   0x080000ec   0x00000004   Code   RO         2707    .ARM.Collect$$$$00000001  mc_w.l(entry2.o)
    0x080000f0   0x080000f0   0x00000004   Code   RO         2710    .ARM.Collect$$$$00000004  mc_w.l(entry5.o)
    0x080000f4   0x080000f4   0x00000000   Code   RO         2712    .ARM.Collect$$$$00000008  mc_w.l(entry7b.o)
    0x080000f4   0x080000f4   0x00000000   Code   RO         2714    .ARM.Collect$$$$0000000A  mc_w.l(entry8b.o)
    0x080000f4   0x080000f4   0x00000008   Code   RO         2715    .ARM.Collect$$$$0000000B  mc_w.l(entry9a.o)
    0x080000fc   0x080000fc   0x00000004   Code   RO         2722    .ARM.Collect$$$$0000000E  mc_w.l(entry12b.o)
    0x08000100   0x08000100   0x00000000   Code   RO         2717    .ARM.Collect$$$$0000000F  mc_w.l(entry10a.o)
    0x08000100   0x08000100   0x00000000   Code   RO         2719    .ARM.Collect$$$$00000011  mc_w.l(entry11a.o)
    0x08000100   0x08000100   0x00000004   Code   RO         2708    .ARM.Collect$$$$00002712  mc_w.l(entry2.o)
    0x08000104   0x08000104   0x00000024   Code   RO         2381    .text               startup_stm32f10x_md.o
    0x08000128   0x08000128   0x00000024   Code   RO         2434    .text               mc_w.l(memseta.o)
    0x0800014c   0x0800014c   0x0000001c   Code   RO         2436    .text               mc_w.l(strcmp.o)
    0x08000168   0x08000168   0x0000001e   Code   RO         2438    .text               mc_w.l(strncmp.o)
    0x08000186   0x08000186   0x00000012   Code   RO         2701    .text               mf_w.l(fflti.o)
    0x08000198   0x08000198   0x0000000a   Code   RO         2703    .text               mf_w.l(ffltui.o)
    0x080001a2   0x080001a2   0x00000026   Code   RO         2705    .text               mf_w.l(f2d.o)
    0x080001c8   0x080001c8   0x0000002c   Code   RO         2724    .text               mc_w.l(uidiv.o)
    0x080001f4   0x080001f4   0x00000062   Code   RO         2726    .text               mc_w.l(uldiv.o)
    0x08000256   0x08000256   0x00000000   Code   RO         2728    .text               mc_w.l(iusefp.o)
    0x08000256   0x08000256   0x0000006e   Code   RO         2729    .text               mf_w.l(fepilogue.o)
    0x080002c4   0x080002c4   0x0000014e   Code   RO         2731    .text               mf_w.l(dadd.o)
    0x08000412   0x08000412   0x000000e4   Code   RO         2733    .text               mf_w.l(dmul.o)
    0x080004f6   0x080004f6   0x000000de   Code   RO         2735    .text               mf_w.l(ddiv.o)
    0x080005d4   0x080005d4   0x00000030   Code   RO         2737    .text               mf_w.l(dfixul.o)
    0x08000604   0x08000604   0x00000030   Code   RO         2739    .text               mf_w.l(cdrcmple.o)
    0x08000634   0x08000634   0x00000024   Code   RO         2741    .text               mc_w.l(init.o)
    0x08000658   0x08000658   0x0000001e   Code   RO         2743    .text               mc_w.l(llshl.o)
    0x08000676   0x08000676   0x00000020   Code   RO         2745    .text               mc_w.l(llushr.o)
    0x08000696   0x08000696   0x00000024   Code   RO         2747    .text               mc_w.l(llsshr.o)
    0x080006ba   0x080006ba   0x000000ba   Code   RO         2749    .text               mf_w.l(depilogue.o)
    0x08000774   0x08000774   0x00000056   Code   RO         2759    .text               mc_w.l(__dczerorl2.o)
    0x080007ca   0x080007ca   0x00000016   Code   RO          643    i.ADC_Cmd           stm32f10x_adc.o
    0x080007e0   0x080007e0   0x0000005c   Code   RO          645    i.ADC_DeInit        stm32f10x_adc.o
    0x0800083c   0x0800083c   0x00000008   Code   RO          652    i.ADC_GetConversionValue  stm32f10x_adc.o
    0x08000844   0x08000844   0x00000012   Code   RO          654    i.ADC_GetFlagStatus  stm32f10x_adc.o
    0x08000856   0x08000856   0x00000002   PAD
    0x08000858   0x08000858   0x00000050   Code   RO          661    i.ADC_Init          stm32f10x_adc.o
    0x080008a8   0x080008a8   0x000000b8   Code   RO          665    i.ADC_RegularChannelConfig  stm32f10x_adc.o
    0x08000960   0x08000960   0x00000016   Code   RO          668    i.ADC_SoftwareStartConvCmd  stm32f10x_adc.o
    0x08000976   0x08000976   0x00000002   PAD
    0x08000978   0x08000978   0x000000e4   Code   RO          151    i.CommandAnalyse    myusart.o
    0x08000a5c   0x08000a5c   0x0000001a   Code   RO          219    i.Delay_1ms         oled.o
    0x08000a76   0x08000a76   0x00000116   Code   RO          877    i.GPIO_Init         stm32f10x_gpio.o
    0x08000b8c   0x08000b8c   0x00000012   Code   RO          881    i.GPIO_ReadInputDataBit  stm32f10x_gpio.o
    0x08000b9e   0x08000b9e   0x00000004   Code   RO          884    i.GPIO_ResetBits    stm32f10x_gpio.o
    0x08000ba2   0x08000ba2   0x00000004   Code   RO          885    i.GPIO_SetBits      stm32f10x_gpio.o
    0x08000ba6   0x08000ba6   0x0000000a   Code   RO          888    i.GPIO_WriteBit     stm32f10x_gpio.o
    0x08000bb0   0x08000bb0   0x00000028   Code   RO          221    i.IIC_Start         oled.o
    0x08000bd8   0x08000bd8   0x00000020   Code   RO          222    i.IIC_Stop          oled.o
    0x08000bf8   0x08000bf8   0x00000018   Code   RO          223    i.IIC_Wait_Ack      oled.o
    0x08000c10   0x08000c10   0x00000070   Code   RO            5    i.Init              test.o
    0x08000c80   0x08000c80   0x000000a4   Code   RO          153    i.MyUSART_Init      myusart.o
    0x08000d24   0x08000d24   0x00000070   Code   RO          589    i.NVIC_Init         misc.o
    0x08000d94   0x08000d94   0x00000014   Code   RO          590    i.NVIC_PriorityGroupConfig  misc.o
    0x08000da8   0x08000da8   0x0000003e   Code   RO          224    i.OLED_Clear        oled.o
    0x08000de6   0x08000de6   0x00000076   Code   RO          227    i.OLED_DrawBMP      oled.o
    0x08000e5c   0x08000e5c   0x00000114   Code   RO          228    i.OLED_Init         oled.o
    0x08000f70   0x08000f70   0x00000028   Code   RO          230    i.OLED_Set_Pos      oled.o
    0x08000f98   0x08000f98   0x00000068   Code   RO          231    i.OLED_ShowCHinese  oled.o
    0x08001000   0x08001000   0x000000a4   Code   RO          232    i.OLED_ShowChar     oled.o
    0x080010a4   0x080010a4   0x00000088   Code   RO          233    i.OLED_ShowNum      oled.o
    0x0800112c   0x0800112c   0x0000003a   Code   RO          234    i.OLED_ShowString   oled.o
    0x08001166   0x08001166   0x00000018   Code   RO          235    i.OLED_WR_Byte      oled.o
    0x0800117e   0x0800117e   0x00000002   PAD
    0x08001180   0x08001180   0x00000020   Code   RO         1215    i.RCC_APB1PeriphClockCmd  stm32f10x_rcc.o
    0x080011a0   0x080011a0   0x00000020   Code   RO         1217    i.RCC_APB2PeriphClockCmd  stm32f10x_rcc.o
    0x080011c0   0x080011c0   0x00000020   Code   RO         1218    i.RCC_APB2PeriphResetCmd  stm32f10x_rcc.o
    0x080011e0   0x080011e0   0x000000d4   Code   RO         1225    i.RCC_GetClocksFreq  stm32f10x_rcc.o
    0x080012b4   0x080012b4   0x00000008   Code   RO         2388    i.SetSysClock       system_stm32f10x.o
    0x080012bc   0x080012bc   0x000000e0   Code   RO         2389    i.SetSysClockTo72   system_stm32f10x.o
    0x0800139c   0x0800139c   0x00000060   Code   RO         2391    i.SystemInit        system_stm32f10x.o
    0x080013fc   0x080013fc   0x00000168   Code   RO            6    i.TIM2_IRQHandler   test.o
    0x08001564   0x08001564   0x00000006   Code   RO         1592    i.TIM_ClearITPendingBit  stm32f10x_tim.o
    0x0800156a   0x0800156a   0x00000018   Code   RO         1597    i.TIM_Cmd           stm32f10x_tim.o
    0x08001582   0x08001582   0x00000022   Code   RO         1618    i.TIM_GetITStatus   stm32f10x_tim.o
    0x080015a4   0x080015a4   0x00000012   Code   RO         1622    i.TIM_ITConfig      stm32f10x_tim.o
    0x080015b6   0x080015b6   0x00000002   PAD
    0x080015b8   0x080015b8   0x0000007c   Code   RO         1641    i.TIM_OC4Init       stm32f10x_tim.o
    0x08001634   0x08001634   0x000000a4   Code   RO         1668    i.TIM_TimeBaseInit  stm32f10x_tim.o
    0x080016d8   0x080016d8   0x00000078   Code   RO          155    i.USART3_IRQHandler  myusart.o
    0x08001750   0x08001750   0x00000018   Code   RO         2145    i.USART_Cmd         stm32f10x_usart.o
    0x08001768   0x08001768   0x0000001a   Code   RO         2148    i.USART_GetFlagStatus  stm32f10x_usart.o
    0x08001782   0x08001782   0x00000054   Code   RO         2149    i.USART_GetITStatus  stm32f10x_usart.o
    0x080017d6   0x080017d6   0x0000004a   Code   RO         2151    i.USART_ITConfig    stm32f10x_usart.o
    0x08001820   0x08001820   0x000000d8   Code   RO         2152    i.USART_Init        stm32f10x_usart.o
    0x080018f8   0x080018f8   0x0000000a   Code   RO         2159    i.USART_ReceiveData  stm32f10x_usart.o
    0x08001902   0x08001902   0x00000008   Code   RO         2162    i.USART_SendData    stm32f10x_usart.o
    0x0800190a   0x0800190a   0x00000002   PAD
    0x0800190c   0x0800190c   0x00000054   Code   RO          236    i.Write_IIC_Byte    oled.o
    0x08001960   0x08001960   0x0000002c   Code   RO          237    i.Write_IIC_Command  oled.o
    0x0800198c   0x0800198c   0x0000002c   Code   RO          238    i.Write_IIC_Data    oled.o
    0x080019b8   0x080019b8   0x00000020   Code   RO         2673    i.__0printf         mc_w.l(printfa.o)
    0x080019d8   0x080019d8   0x0000000e   Code   RO         2753    i.__scatterload_copy  mc_w.l(handlers.o)
    0x080019e6   0x080019e6   0x00000002   Code   RO         2754    i.__scatterload_null  mc_w.l(handlers.o)
    0x080019e8   0x080019e8   0x0000000e   Code   RO         2755    i.__scatterload_zeroinit  mc_w.l(handlers.o)
    0x080019f6   0x080019f6   0x00000002   PAD
    0x080019f8   0x080019f8   0x00000184   Code   RO         2680    i._fp_digits        mc_w.l(printfa.o)
    0x08001b7c   0x08001b7c   0x000006b4   Code   RO         2681    i._printf_core      mc_w.l(printfa.o)
    0x08002230   0x08002230   0x00000024   Code   RO         2682    i._printf_post_padding  mc_w.l(printfa.o)
    0x08002254   0x08002254   0x0000002e   Code   RO         2683    i._printf_pre_padding  mc_w.l(printfa.o)
    0x08002282   0x08002282   0x00000002   PAD
    0x08002284   0x08002284   0x00000084   Code   RO          469    i.adc_init          adc.o
    0x08002308   0x08002308   0x00000050   Code   RO          470    i.adc_read          adc.o
    0x08002358   0x08002358   0x0000001e   Code   RO          471    i.delay             adc.o
    0x08002376   0x08002376   0x0000001e   Code   RO          385    i.delay_10ms        dht11.o
    0x08002394   0x08002394   0x0000000e   Code   RO          386    i.delay_10us        dht11.o
    0x080023a2   0x080023a2   0x0000001a   Code   RO          156    i.delay_ms          myusart.o
    0x080023bc   0x080023bc   0x00000020   Code   RO          387    i.dht11_IO_IN       dht11.o
    0x080023dc   0x080023dc   0x00000024   Code   RO          388    i.dht11_IO_OUT      dht11.o
    0x08002400   0x08002400   0x00000054   Code   RO          389    i.dht11_gpio_init   dht11.o
    0x08002454   0x08002454   0x00000078   Code   RO          390    i.dht11_init        dht11.o
    0x080024cc   0x080024cc   0x000000d8   Code   RO          391    i.dht11_read        dht11.o
    0x080025a4   0x080025a4   0x0000012c   Code   RO            7    i.esp_Init          test.o
    0x080026d0   0x080026d0   0x00000024   Code   RO          392    i.feng_IO_OUT       dht11.o
    0x080026f4   0x080026f4   0x00000014   Code   RO          393    i.feng_off_out      dht11.o
    0x08002708   0x08002708   0x00000014   Code   RO          394    i.feng_on_out       dht11.o
    0x0800271c   0x0800271c   0x00000024   Code   RO            8    i.fputc             test.o
    0x08002740   0x08002740   0x0000004c   Code   RO          541    i.led_init          led.o
    0x0800278c   0x0800278c   0x00000014   Code   RO          542    i.led_off           led.o
    0x080027a0   0x080027a0   0x00000014   Code   RO          543    i.led_off_R         led.o
    0x080027b4   0x080027b4   0x00000014   Code   RO          544    i.led_on            led.o
    0x080027c8   0x080027c8   0x0000022c   Code   RO            9    i.main              test.o
    0x080029f4   0x080029f4   0x00000022   Code   RO          472    i.nvic_init         adc.o
    0x08002a16   0x08002a16   0x00000016   Code   RO          240    i.oled_pow          oled.o
    0x08002a2c   0x08002a2c   0x00000024   Code   RO          511    i.pwm_gpio_init     fengmingqi.o
    0x08002a50   0x08002a50   0x00000060   Code   RO          512    i.pwm_set           fengmingqi.o
    0x08002ab0   0x08002ab0   0x0000001c   Code   RO          395    i.rent_IO_IN        dht11.o
    0x08002acc   0x08002acc   0x00000818   Data   RO          241    .constdata          oled.o
    0x080032e4   0x080032e4   0x0000014e   Data   RO           11    .conststring        test.o
    0x08003432   0x08003432   0x00000002   PAD
    0x08003434   0x08003434   0x00000038   Data   RO          158    .conststring        myusart.o
    0x0800346c   0x0800346c   0x00000020   Data   RO         2751    Region$$Table       anon$$obj.o


    Execution Region RW_IRAM1 (Exec base: 0x20000000, Load base: 0x0800348c, Size: 0x00003398, Max: 0x00005000, ABSOLUTE, COMPRESSED[0x00000828])

    Exec Addr    Load Addr    Size         Type   Attr      Idx    E Section Name        Object

    0x20000000   COMPRESSED   0x00002adc   Data   RW           12    .data               test.o
    0x20002adc   COMPRESSED   0x00000028   Data   RW          159    .data               myusart.o
    0x20002b04   COMPRESSED   0x00000380   Data   RW          242    .data               oled.o
    0x20002e84   COMPRESSED   0x00000014   Data   RW         1245    .data               stm32f10x_rcc.o
    0x20002e98   COMPRESSED   0x00000004   Data   RW         2723    .data               mc_w.l(stdout.o)
    0x20002e9c        -       0x000000fa   Zero   RW          157    .bss                myusart.o
    0x20002f96   COMPRESSED   0x00000002   PAD
    0x20002f98        -       0x00000400   Zero   RW         2378    STACK               startup_stm32f10x_md.o


==============================================================================

Image component sizes


      Code (inc. data)   RO Data    RW Data    ZI Data      Debug   Object Name

       276         14          0          0          0       1822   adc.o
       636         44          0          0          0       5223   dht11.o
       132         10          0          0          0       1034   fengmingqi.o
       136         28          0          0          0       1706   led.o
       132         22          0          0          0       1719   misc.o
       538         82         56         40        250       2968   myusart.o
      1298         38       2072        896          0      10054   oled.o
        36          8        236          0       1024        788   startup_stm32f10x_md.o
       426         24          0          0          0       6781   stm32f10x_adc.o
       314          0          0          0          0       4540   stm32f10x_gpio.o
       308         38          0         20          0       5259   stm32f10x_rcc.o
       370         52          0          0          0       4588   stm32f10x_tim.o
       442          6          0          0          0       6557   stm32f10x_usart.o
       328         28          0          0          0       1913   system_stm32f10x.o
      1364        280        334      10972          0     267857   test.o

    ----------------------------------------------------------------------
      6746        674       2732      11928       1276     322809   Object Totals
         0          0         32          0          0          0   (incl. Generated)
        10          0          2          0          2          0   (incl. Padding)

    ----------------------------------------------------------------------

      Code (inc. data)   RO Data    RW Data    ZI Data      Debug   Library Member Name

        86          0          0          0          0          0   __dczerorl2.o
         0          0          0          0          0          0   entry.o
         0          0          0          0          0          0   entry10a.o
         0          0          0          0          0          0   entry11a.o
         4          0          0          0          0          0   entry12b.o
         8          4          0          0          0          0   entry2.o
         4          0          0          0          0          0   entry5.o
         0          0          0          0          0          0   entry7b.o
         0          0          0          0          0          0   entry8b.o
         8          4          0          0          0          0   entry9a.o
        30          0          0          0          0          0   handlers.o
        36          8          0          0          0         68   init.o
         0          0          0          0          0          0   iusefp.o
        30          0          0          0          0         68   llshl.o
        36          0          0          0          0         68   llsshr.o
        32          0          0          0          0         68   llushr.o
        36          0          0          0          0        108   memseta.o
      2218         90          0          0          0        464   printfa.o
         0          0          0          4          0          0   stdout.o
        28          0          0          0          0         76   strcmp.o
        30          0          0          0          0         80   strncmp.o
        44          0          0          0          0         80   uidiv.o
        98          0          0          0          0         92   uldiv.o
        48          0          0          0          0         68   cdrcmple.o
       334          0          0          0          0        148   dadd.o
       222          0          0          0          0        100   ddiv.o
       186          0          0          0          0        176   depilogue.o
        48          0          0          0          0         68   dfixul.o
       228          0          0          0          0         96   dmul.o
        38          0          0          0          0         68   f2d.o
       110          0          0          0          0        168   fepilogue.o
        18          0          0          0          0         68   fflti.o
        10          0          0          0          0         68   ffltui.o

    ----------------------------------------------------------------------
      3974        106          0          4          0       2200   Library Totals
         4          0          0          0          0          0   (incl. Padding)

    ----------------------------------------------------------------------

      Code (inc. data)   RO Data    RW Data    ZI Data      Debug   Library Name

      2728        106          0          4          0       1172   mc_w.l
      1242          0          0          0          0       1028   mf_w.l

    ----------------------------------------------------------------------
      3974        106          0          4          0       2200   Library Totals

    ----------------------------------------------------------------------

==============================================================================


      Code (inc. data)   RO Data    RW Data    ZI Data      Debug   

     10720        780       2732      11932       1276     320041   Grand Totals
     10720        780       2732       2088       1276     320041   ELF Image Totals (compressed)
     10720        780       2732       2088          0          0   ROM Totals

==============================================================================

    Total RO  Size (Code + RO Data)                13452 (  13.14kB)
    Total RW  Size (RW Data + ZI Data)             13208 (  12.90kB)
    Total ROM Size (Code + RO Data + RW Data)      15540 (  15.18kB)

==============================================================================

